Archive member included to satisfy reference by file (symbol)

c:/progra~2/gnutoo~1/92019-~1/bin/../lib/gcc/arm-none-eabi/9.2.1/thumb/v7e-m/nofp\libgcc.a(_arm_muldf3.o)
                              CMakeFiles/ProjektAMK.elf.dir/Src/waves.c.obj (__aeabi_dmul)
c:/progra~2/gnutoo~1/92019-~1/bin/../lib/gcc/arm-none-eabi/9.2.1/thumb/v7e-m/nofp\libgcc.a(_arm_addsubdf3.o)
                              CMakeFiles/ProjektAMK.elf.dir/Src/waves.c.obj (__aeabi_dsub)
c:/progra~2/gnutoo~1/92019-~1/bin/../lib/gcc/arm-none-eabi/9.2.1/thumb/v7e-m/nofp\libgcc.a(_arm_muldivdf3.o)
                              CMakeFiles/ProjektAMK.elf.dir/Src/waves.c.obj (__aeabi_ddiv)
c:/progra~2/gnutoo~1/92019-~1/bin/../lib/gcc/arm-none-eabi/9.2.1/thumb/v7e-m/nofp\libgcc.a(_arm_fixdfsi.o)
                              CMakeFiles/ProjektAMK.elf.dir/Src/waves.c.obj (__aeabi_d2iz)
c:/progra~2/gnutoo~1/92019-~1/bin/../lib/gcc/arm-none-eabi/9.2.1/thumb/v7e-m/nofp\libgcc.a(_arm_fixunsdfsi.o)
                              CMakeFiles/ProjektAMK.elf.dir/Src/waves.c.obj (__aeabi_d2uiz)
c:/progra~2/gnutoo~1/92019-~1/bin/../lib/gcc/arm-none-eabi/9.2.1/thumb/v7e-m/nofp\libgcc.a(_aeabi_uldivmod.o)
                              CMakeFiles/ProjektAMK.elf.dir/Drivers/STM32F4xx_HAL_Driver/Src/stm32f4xx_hal_rcc.c.obj (__aeabi_uldivmod)
c:/progra~2/gnutoo~1/92019-~1/bin/../lib/gcc/arm-none-eabi/9.2.1/thumb/v7e-m/nofp\libgcc.a(_udivmoddi4.o)
                              c:/progra~2/gnutoo~1/92019-~1/bin/../lib/gcc/arm-none-eabi/9.2.1/thumb/v7e-m/nofp\libgcc.a(_aeabi_uldivmod.o) (__udivmoddi4)
c:/progra~2/gnutoo~1/92019-~1/bin/../lib/gcc/arm-none-eabi/9.2.1/thumb/v7e-m/nofp\libgcc.a(_dvmd_tls.o)
                              c:/progra~2/gnutoo~1/92019-~1/bin/../lib/gcc/arm-none-eabi/9.2.1/thumb/v7e-m/nofp\libgcc.a(_aeabi_uldivmod.o) (__aeabi_ldiv0)
c:/progra~2/gnutoo~1/92019-~1/bin/../lib/gcc/arm-none-eabi/9.2.1/../../../../arm-none-eabi/lib/thumb/v7e-m/nofp\libg.a(lib_a-assert.o)
                              CMakeFiles/ProjektAMK.elf.dir/Src/ring_buffer.c.obj (__assert_func)
c:/progra~2/gnutoo~1/92019-~1/bin/../lib/gcc/arm-none-eabi/9.2.1/../../../../arm-none-eabi/lib/thumb/v7e-m/nofp\libg.a(lib_a-errno.o)
                              CMakeFiles/ProjektAMK.elf.dir/Src/syscalls.c.obj (__errno)
c:/progra~2/gnutoo~1/92019-~1/bin/../lib/gcc/arm-none-eabi/9.2.1/../../../../arm-none-eabi/lib/thumb/v7e-m/nofp\libg.a(lib_a-exit.o)
                              c:/progra~2/gnutoo~1/92019-~1/bin/../lib/gcc/arm-none-eabi/9.2.1/../../../../arm-none-eabi/lib/thumb/v7e-m/nofp/crt0.o (exit)
c:/progra~2/gnutoo~1/92019-~1/bin/../lib/gcc/arm-none-eabi/9.2.1/../../../../arm-none-eabi/lib/thumb/v7e-m/nofp\libg.a(lib_a-fiprintf.o)
                              c:/progra~2/gnutoo~1/92019-~1/bin/../lib/gcc/arm-none-eabi/9.2.1/../../../../arm-none-eabi/lib/thumb/v7e-m/nofp\libg.a(lib_a-assert.o) (fiprintf)
c:/progra~2/gnutoo~1/92019-~1/bin/../lib/gcc/arm-none-eabi/9.2.1/../../../../arm-none-eabi/lib/thumb/v7e-m/nofp\libg.a(lib_a-impure.o)
                              c:/progra~2/gnutoo~1/92019-~1/bin/../lib/gcc/arm-none-eabi/9.2.1/../../../../arm-none-eabi/lib/thumb/v7e-m/nofp\libg.a(lib_a-exit.o) (_global_impure_ptr)
c:/progra~2/gnutoo~1/92019-~1/bin/../lib/gcc/arm-none-eabi/9.2.1/../../../../arm-none-eabi/lib/thumb/v7e-m/nofp\libg.a(lib_a-init.o)
                              c:/progra~2/gnutoo~1/92019-~1/bin/../lib/gcc/arm-none-eabi/9.2.1/../../../../arm-none-eabi/lib/thumb/v7e-m/nofp/crt0.o (__libc_init_array)
c:/progra~2/gnutoo~1/92019-~1/bin/../lib/gcc/arm-none-eabi/9.2.1/../../../../arm-none-eabi/lib/thumb/v7e-m/nofp\libg.a(lib_a-memset.o)
                              c:/progra~2/gnutoo~1/92019-~1/bin/../lib/gcc/arm-none-eabi/9.2.1/../../../../arm-none-eabi/lib/thumb/v7e-m/nofp/crt0.o (memset)
c:/progra~2/gnutoo~1/92019-~1/bin/../lib/gcc/arm-none-eabi/9.2.1/../../../../arm-none-eabi/lib/thumb/v7e-m/nofp\libg.a(lib_a-strlen.o)
                              CMakeFiles/ProjektAMK.elf.dir/Src/uart.c.obj (strlen)
c:/progra~2/gnutoo~1/92019-~1/bin/../lib/gcc/arm-none-eabi/9.2.1/../../../../arm-none-eabi/lib/thumb/v7e-m/nofp\libg.a(lib_a-vfiprintf.o)
                              c:/progra~2/gnutoo~1/92019-~1/bin/../lib/gcc/arm-none-eabi/9.2.1/../../../../arm-none-eabi/lib/thumb/v7e-m/nofp\libg.a(lib_a-fiprintf.o) (_vfiprintf_r)
c:/progra~2/gnutoo~1/92019-~1/bin/../lib/gcc/arm-none-eabi/9.2.1/../../../../arm-none-eabi/lib/thumb/v7e-m/nofp\libg.a(lib_a-wsetup.o)
                              c:/progra~2/gnutoo~1/92019-~1/bin/../lib/gcc/arm-none-eabi/9.2.1/../../../../arm-none-eabi/lib/thumb/v7e-m/nofp\libg.a(lib_a-vfiprintf.o) (__swsetup_r)
c:/progra~2/gnutoo~1/92019-~1/bin/../lib/gcc/arm-none-eabi/9.2.1/../../../../arm-none-eabi/lib/thumb/v7e-m/nofp\libg.a(lib_a-__call_atexit.o)
                              c:/progra~2/gnutoo~1/92019-~1/bin/../lib/gcc/arm-none-eabi/9.2.1/../../../../arm-none-eabi/lib/thumb/v7e-m/nofp\libg.a(lib_a-exit.o) (__call_exitprocs)
[...]
Memory Configuration

Name             Origin             Length             Attributes
CCMRAM           0x10000000         0x00010000         xrw
RAM              0x20000000         0x00020000         xrw
FLASH            0x08000000         0x00100000         xr
*default*        0x00000000         0xffffffff

Linker script and memory map

LOAD c:/progra~2/gnutoo~1/92019-~1/bin/../lib/gcc/arm-none-eabi/9.2.1/thumb/v7e-m/nofp/crti.o
LOAD c:/progra~2/gnutoo~1/92019-~1/bin/../lib/gcc/arm-none-eabi/9.2.1/thumb/v7e-m/nofp/crtbegin.o
LOAD c:/progra~2/gnutoo~1/92019-~1/bin/../lib/gcc/arm-none-eabi/9.2.1/../../../../arm-none-eabi/lib/thumb/v7e-m/nofp/crt0.o
LOAD CMakeFiles/ProjektAMK.elf.dir/Drivers/STM32F4xx_HAL_Driver/Src/stm32f4xx_hal.c.obj
LOAD CMakeFiles/ProjektAMK.elf.dir/Drivers/STM32F4xx_HAL_Driver/Src/stm32f4xx_hal_adc.c.obj
LOAD CMakeFiles/ProjektAMK.elf.dir/Drivers/STM32F4xx_HAL_Driver/Src/stm32f4xx_hal_adc_ex.c.obj
LOAD CMakeFiles/ProjektAMK.elf.dir/Drivers/STM32F4xx_HAL_Driver/Src/stm32f4xx_hal_cortex.c.obj
LOAD CMakeFiles/ProjektAMK.elf.dir/Drivers/STM32F4xx_HAL_Driver/Src/stm32f4xx_hal_dma.c.obj
LOAD CMakeFiles/ProjektAMK.elf.dir/Drivers/STM32F4xx_HAL_Driver/Src/stm32f4xx_hal_dma_ex.c.obj
LOAD CMakeFiles/ProjektAMK.elf.dir/Drivers/STM32F4xx_HAL_Driver/Src/stm32f4xx_hal_exti.c.obj
LOAD CMakeFiles/ProjektAMK.elf.dir/Drivers/STM32F4xx_HAL_Driver/Src/stm32f4xx_hal_flash.c.obj
LOAD CMakeFiles/ProjektAMK.elf.dir/Drivers/STM32F4xx_HAL_Driver/Src/stm32f4xx_hal_flash_ex.c.obj
LOAD CMakeFiles/ProjektAMK.elf.dir/Drivers/STM32F4xx_HAL_Driver/Src/stm32f4xx_hal_flash_ramfunc.c.obj
LOAD CMakeFiles/ProjektAMK.elf.dir/Drivers/STM32F4xx_HAL_Driver/Src/stm32f4xx_hal_gpio.c.obj
LOAD CMakeFiles/ProjektAMK.elf.dir/Drivers/STM32F4xx_HAL_Driver/Src/stm32f4xx_hal_pwr.c.obj
LOAD CMakeFiles/ProjektAMK.elf.dir/Drivers/STM32F4xx_HAL_Driver/Src/stm32f4xx_hal_pwr_ex.c.obj
LOAD CMakeFiles/ProjektAMK.elf.dir/Drivers/STM32F4xx_HAL_Driver/Src/stm32f4xx_hal_rcc.c.obj
LOAD CMakeFiles/ProjektAMK.elf.dir/Drivers/STM32F4xx_HAL_Driver/Src/stm32f4xx_hal_rcc_ex.c.obj
LOAD CMakeFiles/ProjektAMK.elf.dir/Drivers/STM32F4xx_HAL_Driver/Src/stm32f4xx_hal_sai.c.obj
LOAD CMakeFiles/ProjektAMK.elf.dir/Drivers/STM32F4xx_HAL_Driver/Src/stm32f4xx_hal_sai_ex.c.obj
LOAD CMakeFiles/ProjektAMK.elf.dir/Drivers/STM32F4xx_HAL_Driver/Src/stm32f4xx_hal_tim.c.obj
LOAD CMakeFiles/ProjektAMK.elf.dir/Drivers/STM32F4xx_HAL_Driver/Src/stm32f4xx_hal_tim_ex.c.obj
LOAD CMakeFiles/ProjektAMK.elf.dir/Drivers/STM32F4xx_HAL_Driver/Src/stm32f4xx_hal_uart.c.obj
LOAD CMakeFiles/ProjektAMK.elf.dir/Drivers/STM32F4xx_HAL_Driver/Src/stm32f4xx_hal_usart.c.obj
LOAD CMakeFiles/ProjektAMK.elf.dir/Src/delay.c.obj
LOAD CMakeFiles/ProjektAMK.elf.dir/Src/main.c.obj
LOAD CMakeFiles/ProjektAMK.elf.dir/Src/ring_buffer.c.obj
LOAD CMakeFiles/ProjektAMK.elf.dir/Src/stm32f4xx_hal_msp.c.obj
LOAD CMakeFiles/ProjektAMK.elf.dir/Src/stm32f4xx_it.c.obj
LOAD CMakeFiles/ProjektAMK.elf.dir/Src/syscalls.c.obj
LOAD CMakeFiles/ProjektAMK.elf.dir/Src/sysmem.c.obj
LOAD CMakeFiles/ProjektAMK.elf.dir/Src/system_stm32f4xx.c.obj
LOAD CMakeFiles/ProjektAMK.elf.dir/Src/uart.c.obj
LOAD CMakeFiles/ProjektAMK.elf.dir/Src/waves.c.obj
LOAD CMakeFiles/ProjektAMK.elf.dir/Startup/startup_stm32f407vgtx.s.obj
START GROUP
LOAD c:/progra~2/gnutoo~1/92019-~1/bin/../lib/gcc/arm-none-eabi/9.2.1/thumb/v7e-m/nofp\libgcc.a
LOAD c:/progra~2/gnutoo~1/92019-~1/bin/../lib/gcc/arm-none-eabi/9.2.1/../../../../arm-none-eabi/lib/thumb/v7e-m/nofp\libg.a
LOAD c:/progra~2/gnutoo~1/92019-~1/bin/../lib/gcc/arm-none-eabi/9.2.1/../../../../arm-none-eabi/lib/thumb/v7e-m/nofp\libc.a
END GROUP
LOAD c:/progra~2/gnutoo~1/92019-~1/bin/../lib/gcc/arm-none-eabi/9.2.1/thumb/v7e-m/nofp/crtend.o
LOAD c:/progra~2/gnutoo~1/92019-~1/bin/../lib/gcc/arm-none-eabi/9.2.1/thumb/v7e-m/nofp/crtn.o
                0x20020000                _estack = (ORIGIN (RAM) + LENGTH (RAM))
                0x00000200                _Min_Heap_Size = 0x200
                0x00000400                _Min_Stack_Size = 0x400

.isr_vector     0x08000000      0x188
                0x08000000                . = ALIGN (0x4)
 *(.isr_vector)
 .isr_vector    0x08000000      0x188 CMakeFiles/ProjektAMK.elf.dir/Startup/startup_stm32f407vgtx.s.obj
                0x08000000                g_pfnVectors
                0x08000188                . = ALIGN (0x4)

.text           0x080001c0     0x6e94
                0x080001c0                . = ALIGN (0x4)
 *(.text)
 .text          0x080001c0       0x40 c:/progra~2/gnutoo~1/92019-~1/bin/../lib/gcc/arm-none-eabi/9.2.1/thumb/v7e-m/nofp/crtbegin.o
 .text          0x08000200      0x378 c:/progra~2/gnutoo~1/92019-~1/bin/../lib/gcc/arm-none-eabi/9.2.1/thumb/v7e-m/nofp\libgcc.a(_arm_addsubdf3.o)
                0x08000200                __aeabi_drsub
                0x08000208                __aeabi_dsub
                0x08000208                __subdf3
                0x0800020c                __aeabi_dadd
                0x0800020c                __adddf3
                0x08000484                __floatunsidf
                0x08000484                __aeabi_ui2d
                0x080004a4                __floatsidf
                0x080004a4                __aeabi_i2d
                0x080004c8                __aeabi_f2d
                0x080004c8                __extendsfdf2
                0x0800050c                __floatundidf
                0x0800050c                __aeabi_ul2d
                0x0800051c                __floatdidf
                0x0800051c                __aeabi_l2d
 .text          0x08000578      0x424 c:/progra~2/gnutoo~1/92019-~1/bin/../lib/gcc/arm-none-eabi/9.2.1/thumb/v7e-m/nofp\libgcc.a(_arm_muldivdf3.o)
                0x08000578                __aeabi_dmul
                0x08000578                __muldf3
                0x080007cc                __divdf3
                0x080007cc                __aeabi_ddiv
 .text          0x0800099c       0x50 c:/progra~2/gnutoo~1/92019-~1/bin/../lib/gcc/arm-none-eabi/9.2.1/thumb/v7e-m/nofp\libgcc.a(_arm_fixdfsi.o)
                0x0800099c                __aeabi_d2iz
                0x0800099c                __fixdfsi
 .text          0x080009ec       0x40 c:/progra~2/gnutoo~1/92019-~1/bin/../lib/gcc/arm-none-eabi/9.2.1/thumb/v7e-m/nofp\libgcc.a(_arm_fixunsdfsi.o)
                0x080009ec                __aeabi_d2uiz
                0x080009ec                __fixunsdfsi
 .text          0x08000a2c       0x30 c:/progra~2/gnutoo~1/92019-~1/bin/../lib/gcc/arm-none-eabi/9.2.1/thumb/v7e-m/nofp\libgcc.a(_aeabi_uldivmod.o)
                0x08000a2c                __aeabi_uldivmod
 .text          0x08000a5c      0x2c0 c:/progra~2/gnutoo~1/92019-~1/bin/../lib/gcc/arm-none-eabi/9.2.1/thumb/v7e-m/nofp\libgcc.a(_udivmoddi4.o)
                0x08000a5c                __udivmoddi4
 .text          0x08000d1c        0x4 c:/progra~2/gnutoo~1/92019-~1/bin/../lib/gcc/arm-none-eabi/9.2.1/thumb/v7e-m/nofp\libgcc.a(_dvmd_tls.o)
                0x08000d1c                __aeabi_idiv0
                0x08000d1c                __aeabi_ldiv0
 *fill*         0x08000d20       0x20 
 .text          0x08000d40       0xdc c:/progra~2/gnutoo~1/92019-~1/bin/../lib/gcc/arm-none-eabi/9.2.1/../../../../arm-none-eabi/lib/thumb/v7e-m/nofp\libg.a(lib_a-strlen.o)
                0x08000d40                strlen
 *fill*         0x08000e1c        0x4 
 .text          0x08000e20       0xa0 c:/progra~2/gnutoo~1/92019-~1/bin/../lib/gcc/arm-none-eabi/9.2.1/../../../../arm-none-eabi/lib/thumb/v7e-m/nofp\libg.a(lib_a-memchr.o)
                0x08000e20                memchr
 .text          0x08000ec0      0x134 c:/progra~2/gnutoo~1/92019-~1/bin/../lib/gcc/arm-none-eabi/9.2.1/../../../../arm-none-eabi/lib/thumb/v7e-m/nofp\libg.a(lib_a-memcpy.o)
                0x08000ec0                memcpy
 .text          0x08000ff4      0x110 c:/progra~2/gnutoo~1/92019-~1/bin/../lib/gcc/arm-none-eabi/9.2.1/thumb/v7e-m/nofp\libgcc.a(_arm_cmpdf2.o)
                0x08000ff4                __gtdf2
                0x08000ff4                __gedf2
                0x08000ffc                __ltdf2
                0x08000ffc                __ledf2
                0x08001004                __nedf2
                0x08001004                __eqdf2
                0x08001004                __cmpdf2
                0x08001080                __aeabi_cdrcmple
                0x08001090                __aeabi_cdcmpeq
                0x08001090                __aeabi_cdcmple
                0x080010a0                __aeabi_dcmpeq
                0x080010b4                __aeabi_dcmplt
                0x080010c8                __aeabi_dcmple
                0x080010dc                __aeabi_dcmpge
                0x080010f0                __aeabi_dcmpgt
 *(.text*)
 .text.HAL_Init
                0x08001104       0x44 CMakeFiles/ProjektAMK.elf.dir/Drivers/STM32F4xx_HAL_Driver/Src/stm32f4xx_hal.c.obj
                0x08001104                HAL_Init
 .text.HAL_InitTick
                0x08001148       0x60 CMakeFiles/ProjektAMK.elf.dir/Drivers/STM32F4xx_HAL_Driver/Src/stm32f4xx_hal.c.obj
                0x08001148                HAL_InitTick
 .text.HAL_GetTick
                0x080011a8       0x14 CMakeFiles/ProjektAMK.elf.dir/Drivers/STM32F4xx_HAL_Driver/Src/stm32f4xx_hal.c.obj
                0x080011a8                HAL_GetTick
 .text.__NVIC_SetPriorityGrouping
                0x080011bc       0x48 CMakeFiles/ProjektAMK.elf.dir/Drivers/STM32F4xx_HAL_Driver/Src/stm32f4xx_hal_cortex.c.obj
 .text.__NVIC_GetPriorityGrouping
                0x08001204       0x1c CMakeFiles/ProjektAMK.elf.dir/Drivers/STM32F4xx_HAL_Driver/Src/stm32f4xx_hal_cortex.c.obj
 .text.__NVIC_EnableIRQ
                0x08001220       0x38 CMakeFiles/ProjektAMK.elf.dir/Drivers/STM32F4xx_HAL_Driver/Src/stm32f4xx_hal_cortex.c.obj
 .text.__NVIC_ClearPendingIRQ
                0x08001258       0x3c CMakeFiles/ProjektAMK.elf.dir/Drivers/STM32F4xx_HAL_Driver/Src/stm32f4xx_hal_cortex.c.obj
 .text.__NVIC_SetPriority
                0x08001294       0x54 CMakeFiles/ProjektAMK.elf.dir/Drivers/STM32F4xx_HAL_Driver/Src/stm32f4xx_hal_cortex.c.obj
 .text.NVIC_EncodePriority
                0x080012e8       0x64 CMakeFiles/ProjektAMK.elf.dir/Drivers/STM32F4xx_HAL_Driver/Src/stm32f4xx_hal_cortex.c.obj
 .text.SysTick_Config
                0x0800134c       0x44 CMakeFiles/ProjektAMK.elf.dir/Drivers/STM32F4xx_HAL_Driver/Src/stm32f4xx_hal_cortex.c.obj
 .text.HAL_NVIC_SetPriorityGrouping
                0x08001390       0x16 CMakeFiles/ProjektAMK.elf.dir/Drivers/STM32F4xx_HAL_Driver/Src/stm32f4xx_hal_cortex.c.obj
                0x08001390                HAL_NVIC_SetPriorityGrouping
 .text.HAL_NVIC_SetPriority
                0x080013a6       0x38 CMakeFiles/ProjektAMK.elf.dir/Drivers/STM32F4xx_HAL_Driver/Src/stm32f4xx_hal_cortex.c.obj
                0x080013a6                HAL_NVIC_SetPriority
 .text.HAL_NVIC_EnableIRQ
                0x080013de       0x1c CMakeFiles/ProjektAMK.elf.dir/Drivers/STM32F4xx_HAL_Driver/Src/stm32f4xx_hal_cortex.c.obj
                0x080013de                HAL_NVIC_EnableIRQ
 .text.HAL_SYSTICK_Config
                0x080013fa       0x18 CMakeFiles/ProjektAMK.elf.dir/Drivers/STM32F4xx_HAL_Driver/Src/stm32f4xx_hal_cortex.c.obj
                0x080013fa                HAL_SYSTICK_Config
 .text.HAL_NVIC_ClearPendingIRQ
                0x08001412       0x1c CMakeFiles/ProjektAMK.elf.dir/Drivers/STM32F4xx_HAL_Driver/Src/stm32f4xx_hal_cortex.c.obj
                0x08001412                HAL_NVIC_ClearPendingIRQ
 *fill*         0x0800142e        0x2 
 .text.HAL_GPIO_Init
                0x08001430      0x334 CMakeFiles/ProjektAMK.elf.dir/Drivers/STM32F4xx_HAL_Driver/Src/stm32f4xx_hal_gpio.c.obj
                0x08001430                HAL_GPIO_Init
 .text.HAL_GPIO_TogglePin
                0x08001764       0x34 CMakeFiles/ProjektAMK.elf.dir/Drivers/STM32F4xx_HAL_Driver/Src/stm32f4xx_hal_gpio.c.obj
                0x08001764                HAL_GPIO_TogglePin
 .text.HAL_RCC_OscConfig
                0x08001798      0x4e0 CMakeFiles/ProjektAMK.elf.dir/Drivers/STM32F4xx_HAL_Driver/Src/stm32f4xx_hal_rcc.c.obj
                0x08001798                HAL_RCC_OscConfig
 .text.HAL_RCC_ClockConfig
                0x08001c78      0x1cc CMakeFiles/ProjektAMK.elf.dir/Drivers/STM32F4xx_HAL_Driver/Src/stm32f4xx_hal_rcc.c.obj
                0x08001c78                HAL_RCC_ClockConfig
 .text.HAL_RCC_GetSysClockFreq
                0x08001e44      0x1c4 CMakeFiles/ProjektAMK.elf.dir/Drivers/STM32F4xx_HAL_Driver/Src/stm32f4xx_hal_rcc.c.obj
                0x08001e44                HAL_RCC_GetSysClockFreq
 .text.HAL_RCC_GetHCLKFreq
                0x08002008       0x14 CMakeFiles/ProjektAMK.elf.dir/Drivers/STM32F4xx_HAL_Driver/Src/stm32f4xx_hal_rcc.c.obj
                0x08002008                HAL_RCC_GetHCLKFreq
 .text.HAL_RCC_GetPCLK1Freq
                0x0800201c       0x28 CMakeFiles/ProjektAMK.elf.dir/Drivers/STM32F4xx_HAL_Driver/Src/stm32f4xx_hal_rcc.c.obj
                0x0800201c                HAL_RCC_GetPCLK1Freq
 .text.HAL_RCC_GetPCLK2Freq
                0x08002044       0x28 CMakeFiles/ProjektAMK.elf.dir/Drivers/STM32F4xx_HAL_Driver/Src/stm32f4xx_hal_rcc.c.obj
                0x08002044                HAL_RCC_GetPCLK2Freq
 .text.HAL_UART_Init
                0x0800206c       0x9a CMakeFiles/ProjektAMK.elf.dir/Drivers/STM32F4xx_HAL_Driver/Src/stm32f4xx_hal_uart.c.obj
                0x0800206c                HAL_UART_Init
 .text.HAL_UART_MspInit
                0x08002106       0x12 CMakeFiles/ProjektAMK.elf.dir/Drivers/STM32F4xx_HAL_Driver/Src/stm32f4xx_hal_uart.c.obj
                0x08002106                HAL_UART_MspInit
 .text.UART_SetConfig
                0x08002118      0x740 CMakeFiles/ProjektAMK.elf.dir/Drivers/STM32F4xx_HAL_Driver/Src/stm32f4xx_hal_uart.c.obj
 .text.SysTick_Handler
                0x08002858       0x1c CMakeFiles/ProjektAMK.elf.dir/Src/delay.c.obj
                0x08002858                SysTick_Handler
 .text.Delay    0x08002874       0x38 CMakeFiles/ProjektAMK.elf.dir/Src/delay.c.obj
                0x08002874                Delay
 .text.LED_Init
                0x080028ac       0x50 CMakeFiles/ProjektAMK.elf.dir/Src/main.c.obj
                0x080028ac                LED_Init
 *fill*         0x080028fc        0x4 
 .text.main     0x08002900       0xb4 CMakeFiles/ProjektAMK.elf.dir/Src/main.c.obj
                0x08002900                main
 .text.SystemClock_Config
                0x080029b4       0xd4 CMakeFiles/ProjektAMK.elf.dir/Src/main.c.obj
                0x080029b4                SystemClock_Config
 .text.MX_GPIO_Init
                0x08002a88       0x30 CMakeFiles/ProjektAMK.elf.dir/Src/main.c.obj
 .text.Error_Handler
                0x08002ab8        0xc CMakeFiles/ProjektAMK.elf.dir/Src/main.c.obj
                0x08002ab8                Error_Handler
 .text.RingBuffer_Init
                0x08002ac4       0x88 CMakeFiles/ProjektAMK.elf.dir/Src/ring_buffer.c.obj
                0x08002ac4                RingBuffer_Init
 .text.RingBuffer_PutChar
                0x08002b4c       0x7c CMakeFiles/ProjektAMK.elf.dir/Src/ring_buffer.c.obj
                0x08002b4c                RingBuffer_PutChar
 .text.RingBuffer_GetChar
                0x08002bc8       0x90 CMakeFiles/ProjektAMK.elf.dir/Src/ring_buffer.c.obj
                0x08002bc8                RingBuffer_GetChar
 .text.HAL_MspInit
                0x08002c58       0x4c CMakeFiles/ProjektAMK.elf.dir/Src/stm32f4xx_hal_msp.c.obj
                0x08002c58                HAL_MspInit
 .text.NMI_Handler
                0x08002ca4        0xc CMakeFiles/ProjektAMK.elf.dir/Src/stm32f4xx_it.c.obj
                0x08002ca4                NMI_Handler
 .text.HardFault_Handler
                0x08002cb0        0x6 CMakeFiles/ProjektAMK.elf.dir/Src/stm32f4xx_it.c.obj
                0x08002cb0                HardFault_Handler
 .text.MemManage_Handler
                0x08002cb6        0x6 CMakeFiles/ProjektAMK.elf.dir/Src/stm32f4xx_it.c.obj
                0x08002cb6                MemManage_Handler
 .text.BusFault_Handler
                0x08002cbc        0x6 CMakeFiles/ProjektAMK.elf.dir/Src/stm32f4xx_it.c.obj
                0x08002cbc                BusFault_Handler
 .text.UsageFault_Handler
                0x08002cc2        0x6 CMakeFiles/ProjektAMK.elf.dir/Src/stm32f4xx_it.c.obj
                0x08002cc2                UsageFault_Handler
 .text.SVC_Handler
                0x08002cc8        0xc CMakeFiles/ProjektAMK.elf.dir/Src/stm32f4xx_it.c.obj
                0x08002cc8                SVC_Handler
 .text.DebugMon_Handler
                0x08002cd4        0xc CMakeFiles/ProjektAMK.elf.dir/Src/stm32f4xx_it.c.obj
                0x08002cd4                DebugMon_Handler
 .text.PendSV_Handler
                0x08002ce0        0xc CMakeFiles/ProjektAMK.elf.dir/Src/stm32f4xx_it.c.obj
                0x08002ce0                PendSV_Handler
 .text._getpid  0x08002cec        0xe CMakeFiles/ProjektAMK.elf.dir/Src/syscalls.c.obj
                0x08002cec                _getpid
 .text._kill    0x08002cfa       0x20 CMakeFiles/ProjektAMK.elf.dir/Src/syscalls.c.obj
                0x08002cfa                _kill
 .text._exit    0x08002d1a       0x14 CMakeFiles/ProjektAMK.elf.dir/Src/syscalls.c.obj
                0x08002d1a                _exit
 .text._read    0x08002d2e       0x3a CMakeFiles/ProjektAMK.elf.dir/Src/syscalls.c.obj
                0x08002d2e                _read
 .text._write   0x08002d68       0x38 CMakeFiles/ProjektAMK.elf.dir/Src/syscalls.c.obj
                0x08002d68                _write
 .text._close   0x08002da0       0x16 CMakeFiles/ProjektAMK.elf.dir/Src/syscalls.c.obj
                0x08002da0                _close
 .text._fstat   0x08002db6       0x1e CMakeFiles/ProjektAMK.elf.dir/Src/syscalls.c.obj
                0x08002db6                _fstat
 .text._isatty  0x08002dd4       0x14 CMakeFiles/ProjektAMK.elf.dir/Src/syscalls.c.obj
                0x08002dd4                _isatty
 .text._lseek   0x08002de8       0x18 CMakeFiles/ProjektAMK.elf.dir/Src/syscalls.c.obj
                0x08002de8                _lseek
 .text._sbrk    0x08002e00       0x58 CMakeFiles/ProjektAMK.elf.dir/Src/sysmem.c.obj
                0x08002e00                _sbrk
 .text.SystemInit
                0x08002e58       0x18 CMakeFiles/ProjektAMK.elf.dir/Src/system_stm32f4xx.c.obj
                0x08002e58                SystemInit
 .text.UART_WriteData
                0x08002e70       0x60 CMakeFiles/ProjektAMK.elf.dir/Src/uart.c.obj
                0x08002e70                UART_WriteData
 .text.UART4_IRQHandler
                0x08002ed0       0x9c CMakeFiles/ProjektAMK.elf.dir/Src/uart.c.obj
                0x08002ed0                UART4_IRQHandler
 .text.UARTInit
                0x08002f6c      0x100 CMakeFiles/ProjektAMK.elf.dir/Src/uart.c.obj
                0x08002f6c                UARTInit
 *fill*         0x0800306c        0x4 
 .text.GenerateSineSample
                0x08003070       0xe0 CMakeFiles/ProjektAMK.elf.dir/Src/waves.c.obj
                0x08003070                GenerateSineSample
 .text.GenerateSquareSample
                0x08003150       0xfc CMakeFiles/ProjektAMK.elf.dir/Src/waves.c.obj
                0x08003150                GenerateSquareSample
 .text.Reset_Handler
                0x0800324c       0x50 CMakeFiles/ProjektAMK.elf.dir/Startup/startup_stm32f407vgtx.s.obj
                0x0800324c                Reset_Handler
 .text.Default_Handler
                0x0800329c        0x2 CMakeFiles/ProjektAMK.elf.dir/Startup/startup_stm32f407vgtx.s.obj
                0x0800329c                RTC_Alarm_IRQHandler
                0x0800329c                HASH_RNG_IRQHandler
                0x0800329c                EXTI2_IRQHandler
                0x0800329c                TIM8_CC_IRQHandler
                0x0800329c                TIM1_CC_IRQHandler
                0x0800329c                DMA2_Stream5_IRQHandler
                0x0800329c                DMA1_Stream5_IRQHandler
                0x0800329c                PVD_IRQHandler
                0x0800329c                SDIO_IRQHandler
                0x0800329c                TAMP_STAMP_IRQHandler
                0x0800329c                CAN2_RX1_IRQHandler
                0x0800329c                EXTI3_IRQHandler
                0x0800329c                TIM8_TRG_COM_TIM14_IRQHandler
                0x0800329c                TIM1_UP_TIM10_IRQHandler
                0x0800329c                TIM8_UP_TIM13_IRQHandler
                0x0800329c                I2C3_ER_IRQHandler
                0x0800329c                EXTI0_IRQHandler
                0x0800329c                I2C2_EV_IRQHandler
                0x0800329c                DMA1_Stream2_IRQHandler
                0x0800329c                CAN1_RX0_IRQHandler
                0x0800329c                FPU_IRQHandler
                0x0800329c                OTG_HS_WKUP_IRQHandler
                0x0800329c                CAN2_SCE_IRQHandler
                0x0800329c                DMA2_Stream2_IRQHandler
                0x0800329c                SPI1_IRQHandler
                0x0800329c                TIM6_DAC_IRQHandler
                0x0800329c                TIM1_BRK_TIM9_IRQHandler
                0x0800329c                DCMI_IRQHandler
                0x0800329c                CAN2_RX0_IRQHandler
                0x0800329c                DMA2_Stream3_IRQHandler
                0x0800329c                USART6_IRQHandler
                0x0800329c                USART3_IRQHandler
                0x0800329c                CAN1_RX1_IRQHandler
                0x0800329c                UART5_IRQHandler
                0x0800329c                DMA2_Stream0_IRQHandler
                0x0800329c                TIM4_IRQHandler
                0x0800329c                I2C1_EV_IRQHandler
                0x0800329c                DMA1_Stream6_IRQHandler
                0x0800329c                DMA1_Stream1_IRQHandler
                0x0800329c                TIM3_IRQHandler
                0x0800329c                RCC_IRQHandler
                0x0800329c                TIM8_BRK_TIM12_IRQHandler
                0x0800329c                Default_Handler
                0x0800329c                EXTI15_10_IRQHandler
                0x0800329c                ADC_IRQHandler
                0x0800329c                DMA1_Stream7_IRQHandler
                0x0800329c                TIM7_IRQHandler
                0x0800329c                CAN2_TX_IRQHandler
                0x0800329c                TIM5_IRQHandler
                0x0800329c                DMA2_Stream7_IRQHandler
                0x0800329c                I2C3_EV_IRQHandler
                0x0800329c                EXTI9_5_IRQHandler
                0x0800329c                RTC_WKUP_IRQHandler
                0x0800329c                ETH_WKUP_IRQHandler
                0x0800329c                SPI2_IRQHandler
                0x0800329c                OTG_HS_EP1_IN_IRQHandler
                0x0800329c                DMA1_Stream0_IRQHandler
                0x0800329c                CAN1_TX_IRQHandler
                0x0800329c                EXTI4_IRQHandler
                0x0800329c                FSMC_IRQHandler
                0x0800329c                ETH_IRQHandler
                0x0800329c                OTG_HS_EP1_OUT_IRQHandler
                0x0800329c                WWDG_IRQHandler
                0x0800329c                TIM2_IRQHandler
                0x0800329c                OTG_FS_WKUP_IRQHandler
                0x0800329c                TIM1_TRG_COM_TIM11_IRQHandler
                0x0800329c                OTG_HS_IRQHandler
                0x0800329c                EXTI1_IRQHandler
                0x0800329c                USART2_IRQHandler
                0x0800329c                I2C2_ER_IRQHandler
                0x0800329c                DMA2_Stream1_IRQHandler
                0x0800329c                CAN1_SCE_IRQHandler
                0x0800329c                FLASH_IRQHandler
                0x0800329c                DMA2_Stream4_IRQHandler
                0x0800329c                USART1_IRQHandler
                0x0800329c                OTG_FS_IRQHandler
                0x0800329c                SPI3_IRQHandler
                0x0800329c                DMA1_Stream4_IRQHandler
                0x0800329c                I2C1_ER_IRQHandler
                0x0800329c                DMA2_Stream6_IRQHandler
                0x0800329c                DMA1_Stream3_IRQHandler
 *fill*         0x0800329e        0x2 
 .text.__assert_func
                0x080032a0       0x3c c:/progra~2/gnutoo~1/92019-~1/bin/../lib/gcc/arm-none-eabi/9.2.1/../../../../arm-none-eabi/lib/thumb/v7e-m/nofp\libg.a(lib_a-assert.o)
                0x080032a0                __assert_func
 .text.__errno  0x080032dc        0xc c:/progra~2/gnutoo~1/92019-~1/bin/../lib/gcc/arm-none-eabi/9.2.1/../../../../arm-none-eabi/lib/thumb/v7e-m/nofp\libg.a(lib_a-errno.o)
                0x080032dc                __errno
 .text.fiprintf
                0x080032e8       0x28 c:/progra~2/gnutoo~1/92019-~1/bin/../lib/gcc/arm-none-eabi/9.2.1/../../../../arm-none-eabi/lib/thumb/v7e-m/nofp\libg.a(lib_a-fiprintf.o)
                0x080032e8                fiprintf
 .text.__libc_init_array
                0x08003310       0x48 c:/progra~2/gnutoo~1/92019-~1/bin/../lib/gcc/arm-none-eabi/9.2.1/../../../../arm-none-eabi/lib/thumb/v7e-m/nofp\libg.a(lib_a-init.o)
                0x08003310                __libc_init_array
 .text.memset   0x08003358       0xa0 c:/progra~2/gnutoo~1/92019-~1/bin/../lib/gcc/arm-none-eabi/9.2.1/../../../../arm-none-eabi/lib/thumb/v7e-m/nofp\libg.a(lib_a-memset.o)
                0x08003358                memset
 .text.__sprint_r.part.0
                0x080033f8       0x78 c:/progra~2/gnutoo~1/92019-~1/bin/../lib/gcc/arm-none-eabi/9.2.1/../../../../arm-none-eabi/lib/thumb/v7e-m/nofp\libg.a(lib_a-vfiprintf.o)
 .text._vfiprintf_r
                0x08003470      0xd38 c:/progra~2/gnutoo~1/92019-~1/bin/../lib/gcc/arm-none-eabi/9.2.1/../../../../arm-none-eabi/lib/thumb/v7e-m/nofp\libg.a(lib_a-vfiprintf.o)
                0x08003470                _vfiprintf_r
 .text.__sbprintf
                0x080041a8       0x84 c:/progra~2/gnutoo~1/92019-~1/bin/../lib/gcc/arm-none-eabi/9.2.1/../../../../arm-none-eabi/lib/thumb/v7e-m/nofp\libg.a(lib_a-vfiprintf.o)
 .text.__swsetup_r
                0x0800422c       0xd0 c:/progra~2/gnutoo~1/92019-~1/bin/../lib/gcc/arm-none-eabi/9.2.1/../../../../arm-none-eabi/lib/thumb/v7e-m/nofp\libg.a(lib_a-wsetup.o)
                0x0800422c                __swsetup_r
 .text.startup.register_fini
                0x080042fc       0x14 c:/progra~2/gnutoo~1/92019-~1/bin/../lib/gcc/arm-none-eabi/9.2.1/../../../../arm-none-eabi/lib/thumb/v7e-m/nofp\libg.a(lib_a-__call_atexit.o)
 .text.abort    0x08004310       0x10 c:/progra~2/gnutoo~1/92019-~1/bin/../lib/gcc/arm-none-eabi/9.2.1/../../../../arm-none-eabi/lib/thumb/v7e-m/nofp\libg.a(lib_a-abort.o)
                0x08004310                abort
 .text.atexit   0x08004320        0xc c:/progra~2/gnutoo~1/92019-~1/bin/../lib/gcc/arm-none-eabi/9.2.1/../../../../arm-none-eabi/lib/thumb/v7e-m/nofp\libg.a(lib_a-atexit.o)
                0x08004320                atexit
 .text.__sflush_r
                0x0800432c      0x130 c:/progra~2/gnutoo~1/92019-~1/bin/../lib/gcc/arm-none-eabi/9.2.1/../../../../arm-none-eabi/lib/thumb/v7e-m/nofp\libg.a(lib_a-fflush.o)
                0x0800432c                __sflush_r
 .text._fflush_r
                0x0800445c       0x5c c:/progra~2/gnutoo~1/92019-~1/bin/../lib/gcc/arm-none-eabi/9.2.1/../../../../arm-none-eabi/lib/thumb/v7e-m/nofp\libg.a(lib_a-fflush.o)
                0x0800445c                _fflush_r
 .text.std      0x080044b8       0x50 c:/progra~2/gnutoo~1/92019-~1/bin/../lib/gcc/arm-none-eabi/9.2.1/../../../../arm-none-eabi/lib/thumb/v7e-m/nofp\libg.a(lib_a-findfp.o)
 .text._cleanup_r
                0x08004508        0xc c:/progra~2/gnutoo~1/92019-~1/bin/../lib/gcc/arm-none-eabi/9.2.1/../../../../arm-none-eabi/lib/thumb/v7e-m/nofp\libg.a(lib_a-findfp.o)
                0x08004508                _cleanup_r
 .text.__sinit  0x08004514       0x54 c:/progra~2/gnutoo~1/92019-~1/bin/../lib/gcc/arm-none-eabi/9.2.1/../../../../arm-none-eabi/lib/thumb/v7e-m/nofp\libg.a(lib_a-findfp.o)
                0x08004514                __sinit
 .text.__sfp_lock_acquire
                0x08004568        0xc c:/progra~2/gnutoo~1/92019-~1/bin/../lib/gcc/arm-none-eabi/9.2.1/../../../../arm-none-eabi/lib/thumb/v7e-m/nofp\libg.a(lib_a-findfp.o)
                0x08004568                __sfp_lock_acquire
 .text.__sfp_lock_release
                0x08004574        0xc c:/progra~2/gnutoo~1/92019-~1/bin/../lib/gcc/arm-none-eabi/9.2.1/../../../../arm-none-eabi/lib/thumb/v7e-m/nofp\libg.a(lib_a-findfp.o)
                0x08004574                __sfp_lock_release
 .text.__libc_fini_array
                0x08004580       0x2c c:/progra~2/gnutoo~1/92019-~1/bin/../lib/gcc/arm-none-eabi/9.2.1/../../../../arm-none-eabi/lib/thumb/v7e-m/nofp\libg.a(lib_a-fini.o)
                0x08004580                __libc_fini_array
 .text.__fputwc
                0x080045ac       0xa8 c:/progra~2/gnutoo~1/92019-~1/bin/../lib/gcc/arm-none-eabi/9.2.1/../../../../arm-none-eabi/lib/thumb/v7e-m/nofp\libg.a(lib_a-fputwc.o)
                0x080045ac                __fputwc
 .text._fputwc_r
                0x08004654       0x68 c:/progra~2/gnutoo~1/92019-~1/bin/../lib/gcc/arm-none-eabi/9.2.1/../../../../arm-none-eabi/lib/thumb/v7e-m/nofp\libg.a(lib_a-fputwc.o)
                0x08004654                _fputwc_r
 .text._malloc_trim_r
                0x080046bc       0xa0 c:/progra~2/gnutoo~1/92019-~1/bin/../lib/gcc/arm-none-eabi/9.2.1/../../../../arm-none-eabi/lib/thumb/v7e-m/nofp\libg.a(lib_a-freer.o)
                0x080046bc                _malloc_trim_r
 .text._free_r  0x0800475c      0x208 c:/progra~2/gnutoo~1/92019-~1/bin/../lib/gcc/arm-none-eabi/9.2.1/../../../../arm-none-eabi/lib/thumb/v7e-m/nofp\libg.a(lib_a-freer.o)
                0x0800475c                _free_r
 .text.__sfvwrite_r
                0x08004964      0x2e0 c:/progra~2/gnutoo~1/92019-~1/bin/../lib/gcc/arm-none-eabi/9.2.1/../../../../arm-none-eabi/lib/thumb/v7e-m/nofp\libg.a(lib_a-fvwrite.o)
                0x08004964                __sfvwrite_r
 .text._fwalk_reent
                0x08004c44       0x48 c:/progra~2/gnutoo~1/92019-~1/bin/../lib/gcc/arm-none-eabi/9.2.1/../../../../arm-none-eabi/lib/thumb/v7e-m/nofp\libg.a(lib_a-fwalk.o)
                0x08004c44                _fwalk_reent
 .text.__locale_mb_cur_max
                0x08004c8c        0xc c:/progra~2/gnutoo~1/92019-~1/bin/../lib/gcc/arm-none-eabi/9.2.1/../../../../arm-none-eabi/lib/thumb/v7e-m/nofp\libg.a(lib_a-locale.o)
                0x08004c8c                __locale_mb_cur_max
 .text._localeconv_r
                0x08004c98        0x8 c:/progra~2/gnutoo~1/92019-~1/bin/../lib/gcc/arm-none-eabi/9.2.1/../../../../arm-none-eabi/lib/thumb/v7e-m/nofp\libg.a(lib_a-localeconv.o)
                0x08004c98                _localeconv_r
 .text.__retarget_lock_init_recursive
                0x08004ca0        0x4 c:/progra~2/gnutoo~1/92019-~1/bin/../lib/gcc/arm-none-eabi/9.2.1/../../../../arm-none-eabi/lib/thumb/v7e-m/nofp\libg.a(lib_a-lock.o)
                0x08004ca0                __retarget_lock_init_recursive
 .text.__retarget_lock_close_recursive
                0x08004ca4        0x4 c:/progra~2/gnutoo~1/92019-~1/bin/../lib/gcc/arm-none-eabi/9.2.1/../../../../arm-none-eabi/lib/thumb/v7e-m/nofp\libg.a(lib_a-lock.o)
                0x08004ca4                __retarget_lock_close_recursive
 .text.__retarget_lock_acquire_recursive
                0x08004ca8        0x4 c:/progra~2/gnutoo~1/92019-~1/bin/../lib/gcc/arm-none-eabi/9.2.1/../../../../arm-none-eabi/lib/thumb/v7e-m/nofp\libg.a(lib_a-lock.o)
                0x08004ca8                __retarget_lock_acquire_recursive
 .text.__retarget_lock_release_recursive
                0x08004cac        0x4 c:/progra~2/gnutoo~1/92019-~1/bin/../lib/gcc/arm-none-eabi/9.2.1/../../../../arm-none-eabi/lib/thumb/v7e-m/nofp\libg.a(lib_a-lock.o)
                0x08004cac                __retarget_lock_release_recursive
 .text.__swhatbuf_r
                0x08004cb0       0x5c c:/progra~2/gnutoo~1/92019-~1/bin/../lib/gcc/arm-none-eabi/9.2.1/../../../../arm-none-eabi/lib/thumb/v7e-m/nofp\libg.a(lib_a-makebuf.o)
                0x08004cb0                __swhatbuf_r
 .text.__smakebuf_r
                0x08004d0c       0x98 c:/progra~2/gnutoo~1/92019-~1/bin/../lib/gcc/arm-none-eabi/9.2.1/../../../../arm-none-eabi/lib/thumb/v7e-m/nofp\libg.a(lib_a-makebuf.o)
                0x08004d0c                __smakebuf_r
 .text._malloc_r
                0x08004da4      0x574 c:/progra~2/gnutoo~1/92019-~1/bin/../lib/gcc/arm-none-eabi/9.2.1/../../../../arm-none-eabi/lib/thumb/v7e-m/nofp\libg.a(lib_a-mallocr.o)
                0x08004da4                _malloc_r
 .text.__ascii_mbtowc
                0x08005318       0x2c c:/progra~2/gnutoo~1/92019-~1/bin/../lib/gcc/arm-none-eabi/9.2.1/../../../../arm-none-eabi/lib/thumb/v7e-m/nofp\libg.a(lib_a-mbtowc_r.o)
                0x08005318                __ascii_mbtowc
 .text.memmove  0x08005344       0xd8 c:/progra~2/gnutoo~1/92019-~1/bin/../lib/gcc/arm-none-eabi/9.2.1/../../../../arm-none-eabi/lib/thumb/v7e-m/nofp\libg.a(lib_a-memmove.o)
                0x08005344                memmove
 .text.__malloc_lock
                0x0800541c        0xc c:/progra~2/gnutoo~1/92019-~1/bin/../lib/gcc/arm-none-eabi/9.2.1/../../../../arm-none-eabi/lib/thumb/v7e-m/nofp\libg.a(lib_a-mlock.o)
                0x0800541c                __malloc_lock
 .text.__malloc_unlock
                0x08005428        0xc c:/progra~2/gnutoo~1/92019-~1/bin/../lib/gcc/arm-none-eabi/9.2.1/../../../../arm-none-eabi/lib/thumb/v7e-m/nofp\libg.a(lib_a-mlock.o)
                0x08005428                __malloc_unlock
 .text._realloc_r
                0x08005434      0x3e0 c:/progra~2/gnutoo~1/92019-~1/bin/../lib/gcc/arm-none-eabi/9.2.1/../../../../arm-none-eabi/lib/thumb/v7e-m/nofp\libg.a(lib_a-reallocr.o)
                0x08005434                _realloc_r
 .text._sbrk_r  0x08005814       0x24 c:/progra~2/gnutoo~1/92019-~1/bin/../lib/gcc/arm-none-eabi/9.2.1/../../../../arm-none-eabi/lib/thumb/v7e-m/nofp\libg.a(lib_a-sbrkr.o)
                0x08005814                _sbrk_r
 .text._raise_r
                0x08005838       0x58 c:/progra~2/gnutoo~1/92019-~1/bin/../lib/gcc/arm-none-eabi/9.2.1/../../../../arm-none-eabi/lib/thumb/v7e-m/nofp\libg.a(lib_a-signal.o)
                0x08005838                _raise_r
 .text.raise    0x08005890       0x10 c:/progra~2/gnutoo~1/92019-~1/bin/../lib/gcc/arm-none-eabi/9.2.1/../../../../arm-none-eabi/lib/thumb/v7e-m/nofp\libg.a(lib_a-signal.o)
                0x08005890                raise
 .text._kill_r  0x080058a0       0x2c c:/progra~2/gnutoo~1/92019-~1/bin/../lib/gcc/arm-none-eabi/9.2.1/../../../../arm-none-eabi/lib/thumb/v7e-m/nofp\libg.a(lib_a-signalr.o)
                0x080058a0                _kill_r
 .text._getpid_r
                0x080058cc        0x4 c:/progra~2/gnutoo~1/92019-~1/bin/../lib/gcc/arm-none-eabi/9.2.1/../../../../arm-none-eabi/lib/thumb/v7e-m/nofp\libg.a(lib_a-signalr.o)
                0x080058cc                _getpid_r
 .text.__sread  0x080058d0       0x24 c:/progra~2/gnutoo~1/92019-~1/bin/../lib/gcc/arm-none-eabi/9.2.1/../../../../arm-none-eabi/lib/thumb/v7e-m/nofp\libg.a(lib_a-stdio.o)
                0x080058d0                __sread
 .text.__swrite
                0x080058f4       0x40 c:/progra~2/gnutoo~1/92019-~1/bin/../lib/gcc/arm-none-eabi/9.2.1/../../../../arm-none-eabi/lib/thumb/v7e-m/nofp\libg.a(lib_a-stdio.o)
                0x080058f4                __swrite
 .text.__sseek  0x08005934       0x20 c:/progra~2/gnutoo~1/92019-~1/bin/../lib/gcc/arm-none-eabi/9.2.1/../../../../arm-none-eabi/lib/thumb/v7e-m/nofp\libg.a(lib_a-stdio.o)
                0x08005934                __sseek
 .text.__sclose
                0x08005954        0x8 c:/progra~2/gnutoo~1/92019-~1/bin/../lib/gcc/arm-none-eabi/9.2.1/../../../../arm-none-eabi/lib/thumb/v7e-m/nofp\libg.a(lib_a-stdio.o)
                0x08005954                __sclose
 .text.strncpy  0x0800595c       0x68 c:/progra~2/gnutoo~1/92019-~1/bin/../lib/gcc/arm-none-eabi/9.2.1/../../../../arm-none-eabi/lib/thumb/v7e-m/nofp\libg.a(lib_a-strncpy.o)
                0x0800595c                strncpy
 .text.__swbuf_r
                0x080059c4       0xb0 c:/progra~2/gnutoo~1/92019-~1/bin/../lib/gcc/arm-none-eabi/9.2.1/../../../../arm-none-eabi/lib/thumb/v7e-m/nofp\libg.a(lib_a-wbuf.o)
                0x080059c4                __swbuf_r
 .text._wcrtomb_r
                0x08005a74       0x3c c:/progra~2/gnutoo~1/92019-~1/bin/../lib/gcc/arm-none-eabi/9.2.1/../../../../arm-none-eabi/lib/thumb/v7e-m/nofp\libg.a(lib_a-wcrtomb.o)
                0x08005a74                _wcrtomb_r
 .text.__ascii_wctomb
                0x08005ab0       0x1c c:/progra~2/gnutoo~1/92019-~1/bin/../lib/gcc/arm-none-eabi/9.2.1/../../../../arm-none-eabi/lib/thumb/v7e-m/nofp\libg.a(lib_a-wctomb_r.o)
                0x08005ab0                __ascii_wctomb
 .text._write_r
                0x08005acc       0x2c c:/progra~2/gnutoo~1/92019-~1/bin/../lib/gcc/arm-none-eabi/9.2.1/../../../../arm-none-eabi/lib/thumb/v7e-m/nofp\libg.a(lib_a-writer.o)
                0x08005acc                _write_r
 .text.__register_exitproc
                0x08005af8       0x8c c:/progra~2/gnutoo~1/92019-~1/bin/../lib/gcc/arm-none-eabi/9.2.1/../../../../arm-none-eabi/lib/thumb/v7e-m/nofp\libg.a(lib_a-__atexit.o)
                0x08005af8                __register_exitproc
 .text._close_r
                0x08005b84       0x24 c:/progra~2/gnutoo~1/92019-~1/bin/../lib/gcc/arm-none-eabi/9.2.1/../../../../arm-none-eabi/lib/thumb/v7e-m/nofp\libg.a(lib_a-closer.o)
                0x08005b84                _close_r
 .text._fclose_r
                0x08005ba8       0xcc c:/progra~2/gnutoo~1/92019-~1/bin/../lib/gcc/arm-none-eabi/9.2.1/../../../../arm-none-eabi/lib/thumb/v7e-m/nofp\libg.a(lib_a-fclose.o)
                0x08005ba8                _fclose_r
 .text._fstat_r
                0x08005c74       0x2c c:/progra~2/gnutoo~1/92019-~1/bin/../lib/gcc/arm-none-eabi/9.2.1/../../../../arm-none-eabi/lib/thumb/v7e-m/nofp\libg.a(lib_a-fstatr.o)
                0x08005c74                _fstat_r
 .text._isatty_r
                0x08005ca0       0x24 c:/progra~2/gnutoo~1/92019-~1/bin/../lib/gcc/arm-none-eabi/9.2.1/../../../../arm-none-eabi/lib/thumb/v7e-m/nofp\libg.a(lib_a-isattyr.o)
                0x08005ca0                _isatty_r
 .text._lseek_r
                0x08005cc4       0x2c c:/progra~2/gnutoo~1/92019-~1/bin/../lib/gcc/arm-none-eabi/9.2.1/../../../../arm-none-eabi/lib/thumb/v7e-m/nofp\libg.a(lib_a-lseekr.o)
                0x08005cc4                _lseek_r
 .text._read_r  0x08005cf0       0x2c c:/progra~2/gnutoo~1/92019-~1/bin/../lib/gcc/arm-none-eabi/9.2.1/../../../../arm-none-eabi/lib/thumb/v7e-m/nofp\libg.a(lib_a-readr.o)
                0x08005cf0                _read_r
 .text.sin      0x08005d1c       0xb0 c:/progra~2/gnutoo~1/92019-~1/bin/../lib/gcc/arm-none-eabi/9.2.1/../../../../arm-none-eabi/lib/thumb/v7e-m/nofp\libm.a(lib_a-s_sin.o)
                0x08005d1c                sin
 *fill*         0x08005dcc        0x4 
 .text.__ieee754_rem_pio2
                0x08005dd0      0x444 c:/progra~2/gnutoo~1/92019-~1/bin/../lib/gcc/arm-none-eabi/9.2.1/../../../../arm-none-eabi/lib/thumb/v7e-m/nofp\libm.a(lib_a-e_rem_pio2.o)
                0x08005dd0                __ieee754_rem_pio2
 *fill*         0x08006214        0x4 
 .text.__kernel_cos
                0x08006218      0x258 c:/progra~2/gnutoo~1/92019-~1/bin/../lib/gcc/arm-none-eabi/9.2.1/../../../../arm-none-eabi/lib/thumb/v7e-m/nofp\libm.a(lib_a-k_cos.o)
                0x08006218                __kernel_cos
 .text.__kernel_rem_pio2
                0x08006470      0x84c c:/progra~2/gnutoo~1/92019-~1/bin/../lib/gcc/arm-none-eabi/9.2.1/../../../../arm-none-eabi/lib/thumb/v7e-m/nofp\libm.a(lib_a-k_rem_pio2.o)
                0x08006470                __kernel_rem_pio2
 *fill*         0x08006cbc        0x4 
 .text.__kernel_sin
                0x08006cc0      0x184 c:/progra~2/gnutoo~1/92019-~1/bin/../lib/gcc/arm-none-eabi/9.2.1/../../../../arm-none-eabi/lib/thumb/v7e-m/nofp\libm.a(lib_a-k_sin.o)
                0x08006cc0                __kernel_sin
 .text.fabs     0x08006e44        0x8 c:/progra~2/gnutoo~1/92019-~1/bin/../lib/gcc/arm-none-eabi/9.2.1/../../../../arm-none-eabi/lib/thumb/v7e-m/nofp\libm.a(lib_a-s_fabs.o)
                0x08006e44                fabs
 *fill*         0x08006e4c        0x4 
 .text.floor    0x08006e50       0xf8 c:/progra~2/gnutoo~1/92019-~1/bin/../lib/gcc/arm-none-eabi/9.2.1/../../../../arm-none-eabi/lib/thumb/v7e-m/nofp\libm.a(lib_a-s_floor.o)
                0x08006e50                floor
 .text.scalbn   0x08006f48       0xf4 c:/progra~2/gnutoo~1/92019-~1/bin/../lib/gcc/arm-none-eabi/9.2.1/../../../../arm-none-eabi/lib/thumb/v7e-m/nofp\libm.a(lib_a-s_scalbn.o)
                0x08006f48                scalbn
 *(.glue_7)
 .glue_7        0x0800703c        0x0 linker stubs
 *(.glue_7t)
 .glue_7t       0x0800703c        0x0 linker stubs
 *(.eh_frame)
 .eh_frame      0x0800703c        0x0 c:/progra~2/gnutoo~1/92019-~1/bin/../lib/gcc/arm-none-eabi/9.2.1/thumb/v7e-m/nofp/crtbegin.o
 *(.init)
 .init          0x0800703c        0x4 c:/progra~2/gnutoo~1/92019-~1/bin/../lib/gcc/arm-none-eabi/9.2.1/thumb/v7e-m/nofp/crti.o
                0x0800703c                _init
 .init          0x08007040        0x8 c:/progra~2/gnutoo~1/92019-~1/bin/../lib/gcc/arm-none-eabi/9.2.1/thumb/v7e-m/nofp/crtn.o
 *(.fini)
 .fini          0x08007048        0x4 c:/progra~2/gnutoo~1/92019-~1/bin/../lib/gcc/arm-none-eabi/9.2.1/thumb/v7e-m/nofp/crti.o
                0x08007048                _fini
 .fini          0x0800704c        0x8 c:/progra~2/gnutoo~1/92019-~1/bin/../lib/gcc/arm-none-eabi/9.2.1/thumb/v7e-m/nofp/crtn.o
                0x08007054                . = ALIGN (0x4)
                0x08007054                _etext = .

.vfp11_veneer   0x08007054        0x0
 .vfp11_veneer  0x08007054        0x0 linker stubs

.v4_bx          0x08007054        0x0
 .v4_bx         0x08007054        0x0 linker stubs

.iplt           0x08007054        0x0
 .iplt          0x08007054        0x0 c:/progra~2/gnutoo~1/92019-~1/bin/../lib/gcc/arm-none-eabi/9.2.1/thumb/v7e-m/nofp/crtbegin.o

.rodata         0x08007058      0x420
                0x08007058                . = ALIGN (0x4)
 *(.rodata)
 .rodata        0x08007058       0x4a CMakeFiles/ProjektAMK.elf.dir/Src/ring_buffer.c.obj
 *(.rodata*)
 *fill*         0x080070a2        0x2 
 .rodata.__func__.4230
                0x080070a4       0x10 CMakeFiles/ProjektAMK.elf.dir/Src/ring_buffer.c.obj
 .rodata.__func__.4251
                0x080070b4       0x13 CMakeFiles/ProjektAMK.elf.dir/Src/ring_buffer.c.obj
 *fill*         0x080070c7        0x1 
 .rodata.__func__.4256
                0x080070c8       0x13 CMakeFiles/ProjektAMK.elf.dir/Src/ring_buffer.c.obj
 *fill*         0x080070db        0x1 
 .rodata.AHBPrescTable
                0x080070dc       0x10 CMakeFiles/ProjektAMK.elf.dir/Src/system_stm32f4xx.c.obj
                0x080070dc                AHBPrescTable
 .rodata.APBPrescTable
                0x080070ec        0x8 CMakeFiles/ProjektAMK.elf.dir/Src/system_stm32f4xx.c.obj
                0x080070ec                APBPrescTable
 .rodata.__assert_func.str1.4
                0x080070f4       0x3f c:/progra~2/gnutoo~1/92019-~1/bin/../lib/gcc/arm-none-eabi/9.2.1/../../../../arm-none-eabi/lib/thumb/v7e-m/nofp\libg.a(lib_a-assert.o)
                                 0x43 (size before relaxing)
 *fill*         0x08007133        0x1 
 .rodata._global_impure_ptr
                0x08007134        0x4 c:/progra~2/gnutoo~1/92019-~1/bin/../lib/gcc/arm-none-eabi/9.2.1/../../../../arm-none-eabi/lib/thumb/v7e-m/nofp\libg.a(lib_a-impure.o)
                0x08007134                _global_impure_ptr
 .rodata._vfiprintf_r.str1.4
                0x08007138       0x2f c:/progra~2/gnutoo~1/92019-~1/bin/../lib/gcc/arm-none-eabi/9.2.1/../../../../arm-none-eabi/lib/thumb/v7e-m/nofp\libg.a(lib_a-vfiprintf.o)
 *fill*         0x08007167        0x1 
 .rodata.blanks.7338
                0x08007168       0x10 c:/progra~2/gnutoo~1/92019-~1/bin/../lib/gcc/arm-none-eabi/9.2.1/../../../../arm-none-eabi/lib/thumb/v7e-m/nofp\libg.a(lib_a-vfiprintf.o)
 .rodata.zeroes.7339
                0x08007178       0x10 c:/progra~2/gnutoo~1/92019-~1/bin/../lib/gcc/arm-none-eabi/9.2.1/../../../../arm-none-eabi/lib/thumb/v7e-m/nofp\libg.a(lib_a-vfiprintf.o)
 .rodata._setlocale_r.str1.4
                0x08007188        0xa c:/progra~2/gnutoo~1/92019-~1/bin/../lib/gcc/arm-none-eabi/9.2.1/../../../../arm-none-eabi/lib/thumb/v7e-m/nofp\libg.a(lib_a-locale.o)
                                  0xd (size before relaxing)
 *fill*         0x08007192        0x2 
 .rodata.str1.4
                0x08007194        0x2 c:/progra~2/gnutoo~1/92019-~1/bin/../lib/gcc/arm-none-eabi/9.2.1/../../../../arm-none-eabi/lib/thumb/v7e-m/nofp\libg.a(lib_a-locale.o)
 *fill*         0x08007196        0x2 
 .rodata._ctype_
                0x08007198      0x101 c:/progra~2/gnutoo~1/92019-~1/bin/../lib/gcc/arm-none-eabi/9.2.1/../../../../arm-none-eabi/lib/thumb/v7e-m/nofp\libg.a(lib_a-ctype_.o)
                0x08007198                _ctype_
 *fill*         0x08007299        0x3 
 .rodata.npio2_hw
                0x0800729c       0x80 c:/progra~2/gnutoo~1/92019-~1/bin/../lib/gcc/arm-none-eabi/9.2.1/../../../../arm-none-eabi/lib/thumb/v7e-m/nofp\libm.a(lib_a-e_rem_pio2.o)
 .rodata.two_over_pi
                0x0800731c      0x108 c:/progra~2/gnutoo~1/92019-~1/bin/../lib/gcc/arm-none-eabi/9.2.1/../../../../arm-none-eabi/lib/thumb/v7e-m/nofp\libm.a(lib_a-e_rem_pio2.o)
 *fill*         0x08007424        0x4 
 .rodata.PIo2   0x08007428       0x40 c:/progra~2/gnutoo~1/92019-~1/bin/../lib/gcc/arm-none-eabi/9.2.1/../../../../arm-none-eabi/lib/thumb/v7e-m/nofp\libm.a(lib_a-k_rem_pio2.o)
 .rodata.init_jk
                0x08007468       0x10 c:/progra~2/gnutoo~1/92019-~1/bin/../lib/gcc/arm-none-eabi/9.2.1/../../../../arm-none-eabi/lib/thumb/v7e-m/nofp\libm.a(lib_a-k_rem_pio2.o)
                0x08007478                . = ALIGN (0x4)

.ARM.extab      0x08007478        0x0
                0x08007478                . = ALIGN (0x4)
 *(.ARM.extab* .gnu.linkonce.armextab.*)
                0x08007478                . = ALIGN (0x4)

.ARM            0x08007478        0x8
                0x08007478                . = ALIGN (0x4)
                0x08007478                __exidx_start = .
 *(.ARM.exidx*)
 .ARM.exidx     0x08007478        0x8 c:/progra~2/gnutoo~1/92019-~1/bin/../lib/gcc/arm-none-eabi/9.2.1/thumb/v7e-m/nofp\libgcc.a(_udivmoddi4.o)
                0x08007480                __exidx_end = .
                0x08007480                . = ALIGN (0x4)

.rel.dyn        0x08007480        0x0
 .rel.iplt      0x08007480        0x0 c:/progra~2/gnutoo~1/92019-~1/bin/../lib/gcc/arm-none-eabi/9.2.1/thumb/v7e-m/nofp/crtbegin.o

.preinit_array  0x08007480        0x0
                0x08007480                . = ALIGN (0x4)
                0x08007480                PROVIDE (__preinit_array_start = .)
 *(.preinit_array*)
                0x08007480                PROVIDE (__preinit_array_end = .)
                0x08007480                . = ALIGN (0x4)

.init_array     0x08007480        0x8
                0x08007480                . = ALIGN (0x4)
                0x08007480                PROVIDE (__init_array_start = .)
 *(SORT_BY_NAME(.init_array.*))
 .init_array.00000
                0x08007480        0x4 c:/progra~2/gnutoo~1/92019-~1/bin/../lib/gcc/arm-none-eabi/9.2.1/../../../../arm-none-eabi/lib/thumb/v7e-m/nofp\libg.a(lib_a-__call_atexit.o)
 *(.init_array*)
 .init_array    0x08007484        0x4 c:/progra~2/gnutoo~1/92019-~1/bin/../lib/gcc/arm-none-eabi/9.2.1/thumb/v7e-m/nofp/crtbegin.o
                0x08007488                PROVIDE (__init_array_end = .)
                0x08007488                . = ALIGN (0x4)

.fini_array     0x08007488        0x4
                0x08007488                . = ALIGN (0x4)
                0x08007488                PROVIDE (__fini_array_start = .)
 *(SORT_BY_NAME(.fini_array.*))
 *(.fini_array*)
 .fini_array    0x08007488        0x4 c:/progra~2/gnutoo~1/92019-~1/bin/../lib/gcc/arm-none-eabi/9.2.1/thumb/v7e-m/nofp/crtbegin.o
                0x0800748c                PROVIDE (__fini_array_end = .)
                0x0800748c                . = ALIGN (0x4)
                0x0800748c                _sidata = LOADADDR (.data)

.data           0x20000000      0x9b8 load address 0x0800748c
                0x20000000                . = ALIGN (0x4)
                0x20000000                _sdata = .
 *(.data)
 *(.data*)
 .data.uwTickPrio
                0x20000000        0x4 CMakeFiles/ProjektAMK.elf.dir/Drivers/STM32F4xx_HAL_Driver/Src/stm32f4xx_hal.c.obj
                0x20000000                uwTickPrio
 .data.uwTickFreq
                0x20000004        0x1 CMakeFiles/ProjektAMK.elf.dir/Drivers/STM32F4xx_HAL_Driver/Src/stm32f4xx_hal.c.obj
                0x20000004                uwTickFreq
 *fill*         0x20000005        0x3 
 .data.SystemCoreClock
                0x20000008        0x4 CMakeFiles/ProjektAMK.elf.dir/Src/system_stm32f4xx.c.obj
                0x20000008                SystemCoreClock
 .data._impure_ptr
                0x2000000c        0x4 c:/progra~2/gnutoo~1/92019-~1/bin/../lib/gcc/arm-none-eabi/9.2.1/../../../../arm-none-eabi/lib/thumb/v7e-m/nofp\libg.a(lib_a-impure.o)
                0x2000000c                _impure_ptr
 .data.impure_data
                0x20000010      0x428 c:/progra~2/gnutoo~1/92019-~1/bin/../lib/gcc/arm-none-eabi/9.2.1/../../../../arm-none-eabi/lib/thumb/v7e-m/nofp\libg.a(lib_a-impure.o)
 .data.__atexit_recursive_mutex
                0x20000438        0x4 c:/progra~2/gnutoo~1/92019-~1/bin/../lib/gcc/arm-none-eabi/9.2.1/../../../../arm-none-eabi/lib/thumb/v7e-m/nofp\libg.a(lib_a-__call_atexit.o)
                0x20000438                __atexit_recursive_mutex
 .data.__global_locale
                0x2000043c      0x16c c:/progra~2/gnutoo~1/92019-~1/bin/../lib/gcc/arm-none-eabi/9.2.1/../../../../arm-none-eabi/lib/thumb/v7e-m/nofp\libg.a(lib_a-locale.o)
                0x2000043c                __global_locale
 .data.__malloc_av_
                0x200005a8      0x408 c:/progra~2/gnutoo~1/92019-~1/bin/../lib/gcc/arm-none-eabi/9.2.1/../../../../arm-none-eabi/lib/thumb/v7e-m/nofp\libg.a(lib_a-mallocr.o)
                0x200005a8                __malloc_av_
 .data.__malloc_sbrk_base
                0x200009b0        0x4 c:/progra~2/gnutoo~1/92019-~1/bin/../lib/gcc/arm-none-eabi/9.2.1/../../../../arm-none-eabi/lib/thumb/v7e-m/nofp\libg.a(lib_a-mallocr.o)
                0x200009b0                __malloc_sbrk_base
 .data.__malloc_trim_threshold
                0x200009b4        0x4 c:/progra~2/gnutoo~1/92019-~1/bin/../lib/gcc/arm-none-eabi/9.2.1/../../../../arm-none-eabi/lib/thumb/v7e-m/nofp\libg.a(lib_a-mallocr.o)
                0x200009b4                __malloc_trim_threshold
                0x200009b8                . = ALIGN (0x4)
                0x200009b8                _edata = .

.igot.plt       0x200009b8        0x0 load address 0x08007e44
 .igot.plt      0x200009b8        0x0 c:/progra~2/gnutoo~1/92019-~1/bin/../lib/gcc/arm-none-eabi/9.2.1/thumb/v7e-m/nofp/crtbegin.o
                0x200009b8                . = ALIGN (0x4)

.bss            0x200009b8     0x10ec load address 0x08007e44
                0x200009b8                _sbss = .
                0x200009b8                __bss_start__ = _sbss
 *(.bss)
 .bss           0x200009b8       0x1c c:/progra~2/gnutoo~1/92019-~1/bin/../lib/gcc/arm-none-eabi/9.2.1/thumb/v7e-m/nofp/crtbegin.o
 *(.bss*)
 .bss.uwTick    0x200009d4        0x4 CMakeFiles/ProjektAMK.elf.dir/Drivers/STM32F4xx_HAL_Driver/Src/stm32f4xx_hal.c.obj
                0x200009d4                uwTick
 .bss.ticks     0x200009d8        0x4 CMakeFiles/ProjektAMK.elf.dir/Src/delay.c.obj
                0x200009d8                ticks
 .bss.heap_end.5201
                0x200009dc        0x4 CMakeFiles/ProjektAMK.elf.dir/Src/sysmem.c.obj
 .bss.UART_RingBuffer_Tx
                0x200009e0       0x14 CMakeFiles/ProjektAMK.elf.dir/Src/uart.c.obj
 .bss.RingBufferData_Tx
                0x200009f4      0x800 CMakeFiles/ProjektAMK.elf.dir/Src/uart.c.obj
 .bss.UART_RingBuffer_Rx
                0x200011f4       0x14 CMakeFiles/ProjektAMK.elf.dir/Src/uart.c.obj
 .bss.RingBufferData_Rx
                0x20001208      0x800 CMakeFiles/ProjektAMK.elf.dir/Src/uart.c.obj
 .bss.uart      0x20001a08       0x40 CMakeFiles/ProjektAMK.elf.dir/Src/uart.c.obj
 .bss.__malloc_current_mallinfo
                0x20001a48       0x28 c:/progra~2/gnutoo~1/92019-~1/bin/../lib/gcc/arm-none-eabi/9.2.1/../../../../arm-none-eabi/lib/thumb/v7e-m/nofp\libg.a(lib_a-mallocr.o)
                0x20001a48                __malloc_current_mallinfo
 .bss.__malloc_max_sbrked_mem
                0x20001a70        0x4 c:/progra~2/gnutoo~1/92019-~1/bin/../lib/gcc/arm-none-eabi/9.2.1/../../../../arm-none-eabi/lib/thumb/v7e-m/nofp\libg.a(lib_a-mallocr.o)
                0x20001a70                __malloc_max_sbrked_mem
 .bss.__malloc_max_total_mem
                0x20001a74        0x4 c:/progra~2/gnutoo~1/92019-~1/bin/../lib/gcc/arm-none-eabi/9.2.1/../../../../arm-none-eabi/lib/thumb/v7e-m/nofp\libg.a(lib_a-mallocr.o)
                0x20001a74                __malloc_max_total_mem
 .bss.__malloc_top_pad
                0x20001a78        0x4 c:/progra~2/gnutoo~1/92019-~1/bin/../lib/gcc/arm-none-eabi/9.2.1/../../../../arm-none-eabi/lib/thumb/v7e-m/nofp\libg.a(lib_a-mallocr.o)
                0x20001a78                __malloc_top_pad
 *(COMMON)
 COMMON         0x20001a7c       0x21 c:/progra~2/gnutoo~1/92019-~1/bin/../lib/gcc/arm-none-eabi/9.2.1/../../../../arm-none-eabi/lib/thumb/v7e-m/nofp\libg.a(lib_a-lock.o)
                0x20001a7c                __lock___atexit_recursive_mutex
                0x20001a80                __lock___arc4random_mutex
                0x20001a84                __lock___env_recursive_mutex
                0x20001a88                __lock___sinit_recursive_mutex
                0x20001a8c                __lock___malloc_recursive_mutex
                0x20001a90                __lock___at_quick_exit_mutex
                0x20001a94                __lock___dd_hash_mutex
                0x20001a98                __lock___tz_mutex
                0x20001a9c                __lock___sfp_recursive_mutex
 *fill*         0x20001a9d        0x3 
 COMMON         0x20001aa0        0x4 c:/progra~2/gnutoo~1/92019-~1/bin/../lib/gcc/arm-none-eabi/9.2.1/../../../../arm-none-eabi/lib/thumb/v7e-m/nofp\libg.a(lib_a-reent.o)
                0x20001aa0                errno
                0x20001aa4                . = ALIGN (0x4)
                0x20001aa4                _ebss = .
                0x20001aa4                __bss_end__ = _ebss

._user_heap_stack
                0x20001aa4      0x604 load address 0x08007e44
                0x20001aa8                . = ALIGN (0x8)
 *fill*         0x20001aa4        0x4 
                0x20001aa8                PROVIDE (end = .)
                [!provide]                PROVIDE (_end = .)
                0x20001ca8                . = (. + _Min_Heap_Size)
 *fill*         0x20001aa8      0x200 
                0x200020a8                . = (. + _Min_Stack_Size)
 *fill*         0x20001ca8      0x400 
                0x200020a8                . = ALIGN (0x8)

/DISCARD/
 libc.a(*)
 libm.a(*)
 libgcc.a(*)

.ARM.attributes
                0x00000000       0x2a
 *(.ARM.attributes)
 .ARM.attributes
                0x00000000       0x1e c:/progra~2/gnutoo~1/92019-~1/bin/../lib/gcc/arm-none-eabi/9.2.1/thumb/v7e-m/nofp/crti.o
 .ARM.attributes
                0x0000001e       0x2e c:/progra~2/gnutoo~1/92019-~1/bin/../lib/gcc/arm-none-eabi/9.2.1/thumb/v7e-m/nofp/crtbegin.o
 .ARM.attributes
                0x0000004c       0x2e CMakeFiles/ProjektAMK.elf.dir/Drivers/STM32F4xx_HAL_Driver/Src/stm32f4xx_hal.c.obj
 .ARM.attributes
                0x0000007a       0x2e CMakeFiles/ProjektAMK.elf.dir/Drivers/STM32F4xx_HAL_Driver/Src/stm32f4xx_hal_cortex.c.obj
 .ARM.attributes
                0x000000a8       0x2e CMakeFiles/ProjektAMK.elf.dir/Drivers/STM32F4xx_HAL_Driver/Src/stm32f4xx_hal_gpio.c.obj
 .ARM.attributes
                0x000000d6       0x2e CMakeFiles/ProjektAMK.elf.dir/Drivers/STM32F4xx_HAL_Driver/Src/stm32f4xx_hal_rcc.c.obj
 .ARM.attributes
                0x00000104       0x2e CMakeFiles/ProjektAMK.elf.dir/Drivers/STM32F4xx_HAL_Driver/Src/stm32f4xx_hal_uart.c.obj
 .ARM.attributes
                0x00000132       0x2e CMakeFiles/ProjektAMK.elf.dir/Src/delay.c.obj
 .ARM.attributes
                0x00000160       0x2e CMakeFiles/ProjektAMK.elf.dir/Src/main.c.obj
 .ARM.attributes
                0x0000018e       0x2e CMakeFiles/ProjektAMK.elf.dir/Src/ring_buffer.c.obj
 .ARM.attributes
                0x000001bc       0x2e CMakeFiles/ProjektAMK.elf.dir/Src/stm32f4xx_hal_msp.c.obj
 .ARM.attributes
                0x000001ea       0x2e CMakeFiles/ProjektAMK.elf.dir/Src/stm32f4xx_it.c.obj
 .ARM.attributes
                0x00000218       0x2e CMakeFiles/ProjektAMK.elf.dir/Src/syscalls.c.obj
 .ARM.attributes
                0x00000246       0x2e CMakeFiles/ProjektAMK.elf.dir/Src/sysmem.c.obj
 .ARM.attributes
                0x00000274       0x2e CMakeFiles/ProjektAMK.elf.dir/Src/system_stm32f4xx.c.obj
 .ARM.attributes
                0x000002a2       0x2e CMakeFiles/ProjektAMK.elf.dir/Src/uart.c.obj
 .ARM.attributes
                0x000002d0       0x2e CMakeFiles/ProjektAMK.elf.dir/Src/waves.c.obj
 .ARM.attributes
                0x000002fe       0x21 CMakeFiles/ProjektAMK.elf.dir/Startup/startup_stm32f407vgtx.s.obj
 .ARM.attributes
                0x0000031f       0x1e c:/progra~2/gnutoo~1/92019-~1/bin/../lib/gcc/arm-none-eabi/9.2.1/thumb/v7e-m/nofp\libgcc.a(_arm_addsubdf3.o)
 .ARM.attributes
                0x0000033d       0x1e c:/progra~2/gnutoo~1/92019-~1/bin/../lib/gcc/arm-none-eabi/9.2.1/thumb/v7e-m/nofp\libgcc.a(_arm_muldivdf3.o)
 .ARM.attributes
                0x0000035b       0x1e c:/progra~2/gnutoo~1/92019-~1/bin/../lib/gcc/arm-none-eabi/9.2.1/thumb/v7e-m/nofp\libgcc.a(_arm_fixdfsi.o)
 .ARM.attributes
                0x00000379       0x1e c:/progra~2/gnutoo~1/92019-~1/bin/../lib/gcc/arm-none-eabi/9.2.1/thumb/v7e-m/nofp\libgcc.a(_arm_fixunsdfsi.o)
 .ARM.attributes
                0x00000397       0x1e c:/progra~2/gnutoo~1/92019-~1/bin/../lib/gcc/arm-none-eabi/9.2.1/thumb/v7e-m/nofp\libgcc.a(_aeabi_uldivmod.o)
 .ARM.attributes
                0x000003b5       0x2e c:/progra~2/gnutoo~1/92019-~1/bin/../lib/gcc/arm-none-eabi/9.2.1/thumb/v7e-m/nofp\libgcc.a(_udivmoddi4.o)
 .ARM.attributes
                0x000003e3       0x1e c:/progra~2/gnutoo~1/92019-~1/bin/../lib/gcc/arm-none-eabi/9.2.1/thumb/v7e-m/nofp\libgcc.a(_dvmd_tls.o)
 .ARM.attributes
                0x00000401       0x2e c:/progra~2/gnutoo~1/92019-~1/bin/../lib/gcc/arm-none-eabi/9.2.1/../../../../arm-none-eabi/lib/thumb/v7e-m/nofp\libg.a(lib_a-assert.o)
 .ARM.attributes
                0x0000042f       0x2e c:/progra~2/gnutoo~1/92019-~1/bin/../lib/gcc/arm-none-eabi/9.2.1/../../../../arm-none-eabi/lib/thumb/v7e-m/nofp\libg.a(lib_a-errno.o)
 .ARM.attributes
                0x0000045d       0x2e c:/progra~2/gnutoo~1/92019-~1/bin/../lib/gcc/arm-none-eabi/9.2.1/../../../../arm-none-eabi/lib/thumb/v7e-m/nofp\libg.a(lib_a-fiprintf.o)
 .ARM.attributes
                0x0000048b       0x2e c:/progra~2/gnutoo~1/92019-~1/bin/../lib/gcc/arm-none-eabi/9.2.1/../../../../arm-none-eabi/lib/thumb/v7e-m/nofp\libg.a(lib_a-impure.o)
 .ARM.attributes
                0x000004b9       0x2e c:/progra~2/gnutoo~1/92019-~1/bin/../lib/gcc/arm-none-eabi/9.2.1/../../../../arm-none-eabi/lib/thumb/v7e-m/nofp\libg.a(lib_a-init.o)
 .ARM.attributes
                0x000004e7       0x2e c:/progra~2/gnutoo~1/92019-~1/bin/../lib/gcc/arm-none-eabi/9.2.1/../../../../arm-none-eabi/lib/thumb/v7e-m/nofp\libg.a(lib_a-memset.o)
 .ARM.attributes
                0x00000515       0x1c c:/progra~2/gnutoo~1/92019-~1/bin/../lib/gcc/arm-none-eabi/9.2.1/../../../../arm-none-eabi/lib/thumb/v7e-m/nofp\libg.a(lib_a-strlen.o)
 .ARM.attributes
                0x00000531       0x2e c:/progra~2/gnutoo~1/92019-~1/bin/../lib/gcc/arm-none-eabi/9.2.1/../../../../arm-none-eabi/lib/thumb/v7e-m/nofp\libg.a(lib_a-vfiprintf.o)
 .ARM.attributes
                0x0000055f       0x2e c:/progra~2/gnutoo~1/92019-~1/bin/../lib/gcc/arm-none-eabi/9.2.1/../../../../arm-none-eabi/lib/thumb/v7e-m/nofp\libg.a(lib_a-wsetup.o)
 .ARM.attributes
                0x0000058d       0x2e c:/progra~2/gnutoo~1/92019-~1/bin/../lib/gcc/arm-none-eabi/9.2.1/../../../../arm-none-eabi/lib/thumb/v7e-m/nofp\libg.a(lib_a-__call_atexit.o)
 .ARM.attributes
                0x000005bb       0x2e c:/progra~2/gnutoo~1/92019-~1/bin/../lib/gcc/arm-none-eabi/9.2.1/../../../../arm-none-eabi/lib/thumb/v7e-m/nofp\libg.a(lib_a-abort.o)
 .ARM.attributes
                0x000005e9       0x2e c:/progra~2/gnutoo~1/92019-~1/bin/../lib/gcc/arm-none-eabi/9.2.1/../../../../arm-none-eabi/lib/thumb/v7e-m/nofp\libg.a(lib_a-atexit.o)
 .ARM.attributes
                0x00000617       0x2e c:/progra~2/gnutoo~1/92019-~1/bin/../lib/gcc/arm-none-eabi/9.2.1/../../../../arm-none-eabi/lib/thumb/v7e-m/nofp\libg.a(lib_a-fflush.o)
 .ARM.attributes
                0x00000645       0x2e c:/progra~2/gnutoo~1/92019-~1/bin/../lib/gcc/arm-none-eabi/9.2.1/../../../../arm-none-eabi/lib/thumb/v7e-m/nofp\libg.a(lib_a-findfp.o)
 .ARM.attributes
                0x00000673       0x2e c:/progra~2/gnutoo~1/92019-~1/bin/../lib/gcc/arm-none-eabi/9.2.1/../../../../arm-none-eabi/lib/thumb/v7e-m/nofp\libg.a(lib_a-fini.o)
 .ARM.attributes
                0x000006a1       0x2e c:/progra~2/gnutoo~1/92019-~1/bin/../lib/gcc/arm-none-eabi/9.2.1/../../../../arm-none-eabi/lib/thumb/v7e-m/nofp\libg.a(lib_a-fputwc.o)
 .ARM.attributes
                0x000006cf       0x2e c:/progra~2/gnutoo~1/92019-~1/bin/../lib/gcc/arm-none-eabi/9.2.1/../../../../arm-none-eabi/lib/thumb/v7e-m/nofp\libg.a(lib_a-freer.o)
 .ARM.attributes
                0x000006fd       0x2e c:/progra~2/gnutoo~1/92019-~1/bin/../lib/gcc/arm-none-eabi/9.2.1/../../../../arm-none-eabi/lib/thumb/v7e-m/nofp\libg.a(lib_a-fvwrite.o)
 .ARM.attributes
                0x0000072b       0x2e c:/progra~2/gnutoo~1/92019-~1/bin/../lib/gcc/arm-none-eabi/9.2.1/../../../../arm-none-eabi/lib/thumb/v7e-m/nofp\libg.a(lib_a-fwalk.o)
 .ARM.attributes
                0x00000759       0x2e c:/progra~2/gnutoo~1/92019-~1/bin/../lib/gcc/arm-none-eabi/9.2.1/../../../../arm-none-eabi/lib/thumb/v7e-m/nofp\libg.a(lib_a-locale.o)
 .ARM.attributes
                0x00000787       0x2e c:/progra~2/gnutoo~1/92019-~1/bin/../lib/gcc/arm-none-eabi/9.2.1/../../../../arm-none-eabi/lib/thumb/v7e-m/nofp\libg.a(lib_a-localeconv.o)
 .ARM.attributes
                0x000007b5       0x2e c:/progra~2/gnutoo~1/92019-~1/bin/../lib/gcc/arm-none-eabi/9.2.1/../../../../arm-none-eabi/lib/thumb/v7e-m/nofp\libg.a(lib_a-lock.o)
 .ARM.attributes
                0x000007e3       0x2e c:/progra~2/gnutoo~1/92019-~1/bin/../lib/gcc/arm-none-eabi/9.2.1/../../../../arm-none-eabi/lib/thumb/v7e-m/nofp\libg.a(lib_a-makebuf.o)
 .ARM.attributes
                0x00000811       0x2e c:/progra~2/gnutoo~1/92019-~1/bin/../lib/gcc/arm-none-eabi/9.2.1/../../../../arm-none-eabi/lib/thumb/v7e-m/nofp\libg.a(lib_a-mallocr.o)
 .ARM.attributes
                0x0000083f       0x2e c:/progra~2/gnutoo~1/92019-~1/bin/../lib/gcc/arm-none-eabi/9.2.1/../../../../arm-none-eabi/lib/thumb/v7e-m/nofp\libg.a(lib_a-mbtowc_r.o)
 .ARM.attributes
                0x0000086d       0x1c c:/progra~2/gnutoo~1/92019-~1/bin/../lib/gcc/arm-none-eabi/9.2.1/../../../../arm-none-eabi/lib/thumb/v7e-m/nofp\libg.a(lib_a-memchr.o)
 .ARM.attributes
                0x00000889       0x1c c:/progra~2/gnutoo~1/92019-~1/bin/../lib/gcc/arm-none-eabi/9.2.1/../../../../arm-none-eabi/lib/thumb/v7e-m/nofp\libg.a(lib_a-memcpy.o)
 .ARM.attributes
                0x000008a5       0x2e c:/progra~2/gnutoo~1/92019-~1/bin/../lib/gcc/arm-none-eabi/9.2.1/../../../../arm-none-eabi/lib/thumb/v7e-m/nofp\libg.a(lib_a-memmove.o)
 .ARM.attributes
                0x000008d3       0x2e c:/progra~2/gnutoo~1/92019-~1/bin/../lib/gcc/arm-none-eabi/9.2.1/../../../../arm-none-eabi/lib/thumb/v7e-m/nofp\libg.a(lib_a-mlock.o)
 .ARM.attributes
                0x00000901       0x2e c:/progra~2/gnutoo~1/92019-~1/bin/../lib/gcc/arm-none-eabi/9.2.1/../../../../arm-none-eabi/lib/thumb/v7e-m/nofp\libg.a(lib_a-reallocr.o)
 .ARM.attributes
                0x0000092f       0x2e c:/progra~2/gnutoo~1/92019-~1/bin/../lib/gcc/arm-none-eabi/9.2.1/../../../../arm-none-eabi/lib/thumb/v7e-m/nofp\libg.a(lib_a-sbrkr.o)
 .ARM.attributes
                0x0000095d       0x2e c:/progra~2/gnutoo~1/92019-~1/bin/../lib/gcc/arm-none-eabi/9.2.1/../../../../arm-none-eabi/lib/thumb/v7e-m/nofp\libg.a(lib_a-signal.o)
 .ARM.attributes
                0x0000098b       0x2e c:/progra~2/gnutoo~1/92019-~1/bin/../lib/gcc/arm-none-eabi/9.2.1/../../../../arm-none-eabi/lib/thumb/v7e-m/nofp\libg.a(lib_a-signalr.o)
 .ARM.attributes
                0x000009b9       0x2e c:/progra~2/gnutoo~1/92019-~1/bin/../lib/gcc/arm-none-eabi/9.2.1/../../../../arm-none-eabi/lib/thumb/v7e-m/nofp\libg.a(lib_a-stdio.o)
 .ARM.attributes
                0x000009e7       0x2e c:/progra~2/gnutoo~1/92019-~1/bin/../lib/gcc/arm-none-eabi/9.2.1/../../../../arm-none-eabi/lib/thumb/v7e-m/nofp\libg.a(lib_a-strncpy.o)
 .ARM.attributes
                0x00000a15       0x2e c:/progra~2/gnutoo~1/92019-~1/bin/../lib/gcc/arm-none-eabi/9.2.1/../../../../arm-none-eabi/lib/thumb/v7e-m/nofp\libg.a(lib_a-wbuf.o)
 .ARM.attributes
                0x00000a43       0x2e c:/progra~2/gnutoo~1/92019-~1/bin/../lib/gcc/arm-none-eabi/9.2.1/../../../../arm-none-eabi/lib/thumb/v7e-m/nofp\libg.a(lib_a-wcrtomb.o)
 .ARM.attributes
                0x00000a71       0x2e c:/progra~2/gnutoo~1/92019-~1/bin/../lib/gcc/arm-none-eabi/9.2.1/../../../../arm-none-eabi/lib/thumb/v7e-m/nofp\libg.a(lib_a-wctomb_r.o)
 .ARM.attributes
                0x00000a9f       0x2e c:/progra~2/gnutoo~1/92019-~1/bin/../lib/gcc/arm-none-eabi/9.2.1/../../../../arm-none-eabi/lib/thumb/v7e-m/nofp\libg.a(lib_a-writer.o)
 .ARM.attributes
                0x00000acd       0x2e c:/progra~2/gnutoo~1/92019-~1/bin/../lib/gcc/arm-none-eabi/9.2.1/../../../../arm-none-eabi/lib/thumb/v7e-m/nofp\libg.a(lib_a-__atexit.o)
 .ARM.attributes
                0x00000afb       0x2e c:/progra~2/gnutoo~1/92019-~1/bin/../lib/gcc/arm-none-eabi/9.2.1/../../../../arm-none-eabi/lib/thumb/v7e-m/nofp\libg.a(lib_a-closer.o)
 .ARM.attributes
                0x00000b29       0x2e c:/progra~2/gnutoo~1/92019-~1/bin/../lib/gcc/arm-none-eabi/9.2.1/../../../../arm-none-eabi/lib/thumb/v7e-m/nofp\libg.a(lib_a-ctype_.o)
 .ARM.attributes
                0x00000b57       0x2e c:/progra~2/gnutoo~1/92019-~1/bin/../lib/gcc/arm-none-eabi/9.2.1/../../../../arm-none-eabi/lib/thumb/v7e-m/nofp\libg.a(lib_a-fclose.o)
 .ARM.attributes
                0x00000b85       0x2e c:/progra~2/gnutoo~1/92019-~1/bin/../lib/gcc/arm-none-eabi/9.2.1/../../../../arm-none-eabi/lib/thumb/v7e-m/nofp\libg.a(lib_a-fstatr.o)
 .ARM.attributes
                0x00000bb3       0x2e c:/progra~2/gnutoo~1/92019-~1/bin/../lib/gcc/arm-none-eabi/9.2.1/../../../../arm-none-eabi/lib/thumb/v7e-m/nofp\libg.a(lib_a-isattyr.o)
 .ARM.attributes
                0x00000be1       0x2e c:/progra~2/gnutoo~1/92019-~1/bin/../lib/gcc/arm-none-eabi/9.2.1/../../../../arm-none-eabi/lib/thumb/v7e-m/nofp\libg.a(lib_a-lseekr.o)
 .ARM.attributes
                0x00000c0f       0x2e c:/progra~2/gnutoo~1/92019-~1/bin/../lib/gcc/arm-none-eabi/9.2.1/../../../../arm-none-eabi/lib/thumb/v7e-m/nofp\libg.a(lib_a-readr.o)
 .ARM.attributes
                0x00000c3d       0x2e c:/progra~2/gnutoo~1/92019-~1/bin/../lib/gcc/arm-none-eabi/9.2.1/../../../../arm-none-eabi/lib/thumb/v7e-m/nofp\libg.a(lib_a-reent.o)
 .ARM.attributes
                0x00000c6b       0x1e c:/progra~2/gnutoo~1/92019-~1/bin/../lib/gcc/arm-none-eabi/9.2.1/thumb/v7e-m/nofp/crtn.o
OUTPUT(ProjektAMK.elf elf32-littlearm)

.debug_info     0x00000000     0x9809
 .debug_info    0x00000000      0x9a7 CMakeFiles/ProjektAMK.elf.dir/Drivers/STM32F4xx_HAL_Driver/Src/stm32f4xx_hal.c.obj
 .debug_info    0x000009a7      0xecc CMakeFiles/ProjektAMK.elf.dir/Drivers/STM32F4xx_HAL_Driver/Src/stm32f4xx_hal_cortex.c.obj
 .debug_info    0x00001873      0x823 CMakeFiles/ProjektAMK.elf.dir/Drivers/STM32F4xx_HAL_Driver/Src/stm32f4xx_hal_gpio.c.obj
 .debug_info    0x00002096      0x98b CMakeFiles/ProjektAMK.elf.dir/Drivers/STM32F4xx_HAL_Driver/Src/stm32f4xx_hal_rcc.c.obj
 .debug_info    0x00002a21     0x134c CMakeFiles/ProjektAMK.elf.dir/Drivers/STM32F4xx_HAL_Driver/Src/stm32f4xx_hal_uart.c.obj
 .debug_info    0x00003d6d      0x102 CMakeFiles/ProjektAMK.elf.dir/Src/delay.c.obj
 .debug_info    0x00003e6f     0x1038 CMakeFiles/ProjektAMK.elf.dir/Src/main.c.obj
 .debug_info    0x00004ea7      0x329 CMakeFiles/ProjektAMK.elf.dir/Src/ring_buffer.c.obj
 .debug_info    0x000051d0      0x389 CMakeFiles/ProjektAMK.elf.dir/Src/stm32f4xx_hal_msp.c.obj
 .debug_info    0x00005559      0x205 CMakeFiles/ProjektAMK.elf.dir/Src/stm32f4xx_it.c.obj
 .debug_info    0x0000575e      0xfa8 CMakeFiles/ProjektAMK.elf.dir/Src/syscalls.c.obj
 .debug_info    0x00006706      0x9aa CMakeFiles/ProjektAMK.elf.dir/Src/sysmem.c.obj
 .debug_info    0x000070b0      0x599 CMakeFiles/ProjektAMK.elf.dir/Src/system_stm32f4xx.c.obj
 .debug_info    0x00007649     0x1670 CMakeFiles/ProjektAMK.elf.dir/Src/uart.c.obj
 .debug_info    0x00008cb9      0xb2e CMakeFiles/ProjektAMK.elf.dir/Src/waves.c.obj
 .debug_info    0x000097e7       0x22 CMakeFiles/ProjektAMK.elf.dir/Startup/startup_stm32f407vgtx.s.obj

.debug_abbrev   0x00000000     0x1d0a
 .debug_abbrev  0x00000000      0x1ea CMakeFiles/ProjektAMK.elf.dir/Drivers/STM32F4xx_HAL_Driver/Src/stm32f4xx_hal.c.obj
 .debug_abbrev  0x000001ea      0x339 CMakeFiles/ProjektAMK.elf.dir/Drivers/STM32F4xx_HAL_Driver/Src/stm32f4xx_hal_cortex.c.obj
 .debug_abbrev  0x00000523      0x1ee CMakeFiles/ProjektAMK.elf.dir/Drivers/STM32F4xx_HAL_Driver/Src/stm32f4xx_hal_gpio.c.obj
 .debug_abbrev  0x00000711      0x272 CMakeFiles/ProjektAMK.elf.dir/Drivers/STM32F4xx_HAL_Driver/Src/stm32f4xx_hal_rcc.c.obj
 .debug_abbrev  0x00000983      0x26d CMakeFiles/ProjektAMK.elf.dir/Drivers/STM32F4xx_HAL_Driver/Src/stm32f4xx_hal_uart.c.obj
 .debug_abbrev  0x00000bf0       0xba CMakeFiles/ProjektAMK.elf.dir/Src/delay.c.obj
 .debug_abbrev  0x00000caa      0x2b2 CMakeFiles/ProjektAMK.elf.dir/Src/main.c.obj
 .debug_abbrev  0x00000f5c       0xc8 CMakeFiles/ProjektAMK.elf.dir/Src/ring_buffer.c.obj
 .debug_abbrev  0x00001024      0x11a CMakeFiles/ProjektAMK.elf.dir/Src/stm32f4xx_hal_msp.c.obj
 .debug_abbrev  0x0000113e       0xb5 CMakeFiles/ProjektAMK.elf.dir/Src/stm32f4xx_it.c.obj
 .debug_abbrev  0x000011f3      0x2d2 CMakeFiles/ProjektAMK.elf.dir/Src/syscalls.c.obj
 .debug_abbrev  0x000014c5      0x21e CMakeFiles/ProjektAMK.elf.dir/Src/sysmem.c.obj
 .debug_abbrev  0x000016e3      0x142 CMakeFiles/ProjektAMK.elf.dir/Src/system_stm32f4xx.c.obj
 .debug_abbrev  0x00001825      0x2ae CMakeFiles/ProjektAMK.elf.dir/Src/uart.c.obj
 .debug_abbrev  0x00001ad3      0x225 CMakeFiles/ProjektAMK.elf.dir/Src/waves.c.obj
 .debug_abbrev  0x00001cf8       0x12 CMakeFiles/ProjektAMK.elf.dir/Startup/startup_stm32f407vgtx.s.obj

.debug_aranges  0x00000000      0x788
 .debug_aranges
                0x00000000       0xf0 CMakeFiles/ProjektAMK.elf.dir/Drivers/STM32F4xx_HAL_Driver/Src/stm32f4xx_hal.c.obj
 .debug_aranges
                0x000000f0      0x118 CMakeFiles/ProjektAMK.elf.dir/Drivers/STM32F4xx_HAL_Driver/Src/stm32f4xx_hal_cortex.c.obj
 .debug_aranges
                0x00000208       0x58 CMakeFiles/ProjektAMK.elf.dir/Drivers/STM32F4xx_HAL_Driver/Src/stm32f4xx_hal_gpio.c.obj
 .debug_aranges
                0x00000260       0x88 CMakeFiles/ProjektAMK.elf.dir/Drivers/STM32F4xx_HAL_Driver/Src/stm32f4xx_hal_rcc.c.obj
 .debug_aranges
                0x000002e8      0x1d0 CMakeFiles/ProjektAMK.elf.dir/Drivers/STM32F4xx_HAL_Driver/Src/stm32f4xx_hal_uart.c.obj
 .debug_aranges
                0x000004b8       0x28 CMakeFiles/ProjektAMK.elf.dir/Src/delay.c.obj
 .debug_aranges
                0x000004e0       0x40 CMakeFiles/ProjektAMK.elf.dir/Src/main.c.obj
 .debug_aranges
                0x00000520       0x50 CMakeFiles/ProjektAMK.elf.dir/Src/ring_buffer.c.obj
 .debug_aranges
                0x00000570       0x20 CMakeFiles/ProjektAMK.elf.dir/Src/stm32f4xx_hal_msp.c.obj
 .debug_aranges
                0x00000590       0x58 CMakeFiles/ProjektAMK.elf.dir/Src/stm32f4xx_it.c.obj
 .debug_aranges
                0x000005e8       0xa8 CMakeFiles/ProjektAMK.elf.dir/Src/syscalls.c.obj
 .debug_aranges
                0x00000690       0x20 CMakeFiles/ProjektAMK.elf.dir/Src/sysmem.c.obj
 .debug_aranges
                0x000006b0       0x28 CMakeFiles/ProjektAMK.elf.dir/Src/system_stm32f4xx.c.obj
 .debug_aranges
                0x000006d8       0x50 CMakeFiles/ProjektAMK.elf.dir/Src/uart.c.obj
 .debug_aranges
                0x00000728       0x38 CMakeFiles/ProjektAMK.elf.dir/Src/waves.c.obj
 .debug_aranges
                0x00000760       0x28 CMakeFiles/ProjektAMK.elf.dir/Startup/startup_stm32f407vgtx.s.obj

.debug_ranges   0x00000000      0x690
 .debug_ranges  0x00000000       0xe0 CMakeFiles/ProjektAMK.elf.dir/Drivers/STM32F4xx_HAL_Driver/Src/stm32f4xx_hal.c.obj
 .debug_ranges  0x000000e0      0x108 CMakeFiles/ProjektAMK.elf.dir/Drivers/STM32F4xx_HAL_Driver/Src/stm32f4xx_hal_cortex.c.obj
 .debug_ranges  0x000001e8       0x48 CMakeFiles/ProjektAMK.elf.dir/Drivers/STM32F4xx_HAL_Driver/Src/stm32f4xx_hal_gpio.c.obj
 .debug_ranges  0x00000230       0x78 CMakeFiles/ProjektAMK.elf.dir/Drivers/STM32F4xx_HAL_Driver/Src/stm32f4xx_hal_rcc.c.obj
 .debug_ranges  0x000002a8      0x1c0 CMakeFiles/ProjektAMK.elf.dir/Drivers/STM32F4xx_HAL_Driver/Src/stm32f4xx_hal_uart.c.obj
 .debug_ranges  0x00000468       0x18 CMakeFiles/ProjektAMK.elf.dir/Src/delay.c.obj
 .debug_ranges  0x00000480       0x30 CMakeFiles/ProjektAMK.elf.dir/Src/main.c.obj
 .debug_ranges  0x000004b0       0x40 CMakeFiles/ProjektAMK.elf.dir/Src/ring_buffer.c.obj
 .debug_ranges  0x000004f0       0x10 CMakeFiles/ProjektAMK.elf.dir/Src/stm32f4xx_hal_msp.c.obj
 .debug_ranges  0x00000500       0x48 CMakeFiles/ProjektAMK.elf.dir/Src/stm32f4xx_it.c.obj
 .debug_ranges  0x00000548       0x98 CMakeFiles/ProjektAMK.elf.dir/Src/syscalls.c.obj
 .debug_ranges  0x000005e0       0x10 CMakeFiles/ProjektAMK.elf.dir/Src/sysmem.c.obj
 .debug_ranges  0x000005f0       0x18 CMakeFiles/ProjektAMK.elf.dir/Src/system_stm32f4xx.c.obj
 .debug_ranges  0x00000608       0x40 CMakeFiles/ProjektAMK.elf.dir/Src/uart.c.obj
 .debug_ranges  0x00000648       0x28 CMakeFiles/ProjektAMK.elf.dir/Src/waves.c.obj
 .debug_ranges  0x00000670       0x20 CMakeFiles/ProjektAMK.elf.dir/Startup/startup_stm32f407vgtx.s.obj

.debug_line     0x00000000     0x4812
 .debug_line    0x00000000      0x4cf CMakeFiles/ProjektAMK.elf.dir/Drivers/STM32F4xx_HAL_Driver/Src/stm32f4xx_hal.c.obj
 .debug_line    0x000004cf      0x790 CMakeFiles/ProjektAMK.elf.dir/Drivers/STM32F4xx_HAL_Driver/Src/stm32f4xx_hal_cortex.c.obj
 .debug_line    0x00000c5f      0x66f CMakeFiles/ProjektAMK.elf.dir/Drivers/STM32F4xx_HAL_Driver/Src/stm32f4xx_hal_gpio.c.obj
 .debug_line    0x000012ce      0x87d CMakeFiles/ProjektAMK.elf.dir/Drivers/STM32F4xx_HAL_Driver/Src/stm32f4xx_hal_rcc.c.obj
 .debug_line    0x00001b4b     0x1316 CMakeFiles/ProjektAMK.elf.dir/Drivers/STM32F4xx_HAL_Driver/Src/stm32f4xx_hal_uart.c.obj
 .debug_line    0x00002e61      0x127 CMakeFiles/ProjektAMK.elf.dir/Src/delay.c.obj
 .debug_line    0x00002f88      0x3a5 CMakeFiles/ProjektAMK.elf.dir/Src/main.c.obj
 .debug_line    0x0000332d      0x250 CMakeFiles/ProjektAMK.elf.dir/Src/ring_buffer.c.obj
 .debug_line    0x0000357d      0x1b3 CMakeFiles/ProjektAMK.elf.dir/Src/stm32f4xx_hal_msp.c.obj
 .debug_line    0x00003730      0x234 CMakeFiles/ProjektAMK.elf.dir/Src/stm32f4xx_it.c.obj
 .debug_line    0x00003964      0x3dd CMakeFiles/ProjektAMK.elf.dir/Src/syscalls.c.obj
 .debug_line    0x00003d41      0x12b CMakeFiles/ProjektAMK.elf.dir/Src/sysmem.c.obj
 .debug_line    0x00003e6c      0x241 CMakeFiles/ProjektAMK.elf.dir/Src/system_stm32f4xx.c.obj
 .debug_line    0x000040ad      0x3ef CMakeFiles/ProjektAMK.elf.dir/Src/uart.c.obj
 .debug_line    0x0000449c      0x2ef CMakeFiles/ProjektAMK.elf.dir/Src/waves.c.obj
 .debug_line    0x0000478b       0x87 CMakeFiles/ProjektAMK.elf.dir/Startup/startup_stm32f407vgtx.s.obj

.debug_str      0x00000000     0x28c8
 .debug_str     0x00000000      0xb04 CMakeFiles/ProjektAMK.elf.dir/Drivers/STM32F4xx_HAL_Driver/Src/stm32f4xx_hal.c.obj
                                0xb72 (size before relaxing)
 .debug_str     0x00000b04      0x4f3 CMakeFiles/ProjektAMK.elf.dir/Drivers/STM32F4xx_HAL_Driver/Src/stm32f4xx_hal_cortex.c.obj
                                0xcf6 (size before relaxing)
 .debug_str     0x00000ff7      0x1e4 CMakeFiles/ProjektAMK.elf.dir/Drivers/STM32F4xx_HAL_Driver/Src/stm32f4xx_hal_gpio.c.obj
                                0x5bc (size before relaxing)
 .debug_str     0x000011db      0x2fa CMakeFiles/ProjektAMK.elf.dir/Drivers/STM32F4xx_HAL_Driver/Src/stm32f4xx_hal_rcc.c.obj
                                0x773 (size before relaxing)
 .debug_str     0x000014d5      0x915 CMakeFiles/ProjektAMK.elf.dir/Drivers/STM32F4xx_HAL_Driver/Src/stm32f4xx_hal_uart.c.obj
                                0xc86 (size before relaxing)
 .debug_str     0x00001dea       0x37 CMakeFiles/ProjektAMK.elf.dir/Src/delay.c.obj
                                0x1eb (size before relaxing)
 .debug_str     0x00001e21      0x47c CMakeFiles/ProjektAMK.elf.dir/Src/main.c.obj
                                0xa10 (size before relaxing)
 .debug_str     0x0000229d       0xfe CMakeFiles/ProjektAMK.elf.dir/Src/ring_buffer.c.obj
                                0x28c (size before relaxing)
 .debug_str     0x0000239b       0x21 CMakeFiles/ProjektAMK.elf.dir/Src/stm32f4xx_hal_msp.c.obj
                                0x3a4 (size before relaxing)
 .debug_str     0x000023bc       0x9c CMakeFiles/ProjektAMK.elf.dir/Src/stm32f4xx_it.c.obj
                                0x310 (size before relaxing)
 .debug_str     0x00002458      0x229 CMakeFiles/ProjektAMK.elf.dir/Src/syscalls.c.obj
                                0x7f3 (size before relaxing)
 .debug_str     0x00002681       0x37 CMakeFiles/ProjektAMK.elf.dir/Src/sysmem.c.obj
                                0x5c4 (size before relaxing)
 .debug_str     0x000026b8       0x4b CMakeFiles/ProjektAMK.elf.dir/Src/system_stm32f4xx.c.obj
                                0x420 (size before relaxing)
 .debug_str     0x00002703       0xdd CMakeFiles/ProjektAMK.elf.dir/Src/uart.c.obj
                               0x11fa (size before relaxing)
 .debug_str     0x000027e0       0xb1 CMakeFiles/ProjektAMK.elf.dir/Src/waves.c.obj
                                0x6ae (size before relaxing)
 .debug_str     0x00002891       0x37 CMakeFiles/ProjektAMK.elf.dir/Startup/startup_stm32f407vgtx.s.obj
                                 0x52 (size before relaxing)

.comment        0x00000000       0x79
 .comment       0x00000000       0x79 CMakeFiles/ProjektAMK.elf.dir/Drivers/STM32F4xx_HAL_Driver/Src/stm32f4xx_hal.c.obj
                                 0x7a (size before relaxing)
 .comment       0x00000079       0x7a CMakeFiles/ProjektAMK.elf.dir/Drivers/STM32F4xx_HAL_Driver/Src/stm32f4xx_hal_cortex.c.obj
 .comment       0x00000079       0x7a CMakeFiles/ProjektAMK.elf.dir/Drivers/STM32F4xx_HAL_Driver/Src/stm32f4xx_hal_gpio.c.obj
 .comment       0x00000079       0x7a CMakeFiles/ProjektAMK.elf.dir/Drivers/STM32F4xx_HAL_Driver/Src/stm32f4xx_hal_rcc.c.obj
 .comment       0x00000079       0x7a CMakeFiles/ProjektAMK.elf.dir/Drivers/STM32F4xx_HAL_Driver/Src/stm32f4xx_hal_uart.c.obj
 .comment       0x00000079       0x7a CMakeFiles/ProjektAMK.elf.dir/Src/delay.c.obj
 .comment       0x00000079       0x7a CMakeFiles/ProjektAMK.elf.dir/Src/main.c.obj
 .comment       0x00000079       0x7a CMakeFiles/ProjektAMK.elf.dir/Src/ring_buffer.c.obj
 .comment       0x00000079       0x7a CMakeFiles/ProjektAMK.elf.dir/Src/stm32f4xx_hal_msp.c.obj
 .comment       0x00000079       0x7a CMakeFiles/ProjektAMK.elf.dir/Src/stm32f4xx_it.c.obj
 .comment       0x00000079       0x7a CMakeFiles/ProjektAMK.elf.dir/Src/syscalls.c.obj
 .comment       0x00000079       0x7a CMakeFiles/ProjektAMK.elf.dir/Src/sysmem.c.obj
 .comment       0x00000079       0x7a CMakeFiles/ProjektAMK.elf.dir/Src/system_stm32f4xx.c.obj
 .comment       0x00000079       0x7a CMakeFiles/ProjektAMK.elf.dir/Src/uart.c.obj
 .comment       0x00000079       0x7a CMakeFiles/ProjektAMK.elf.dir/Src/waves.c.obj

.debug_frame    0x00000000     0x2bc0
 .debug_frame   0x00000000      0x374 CMakeFiles/ProjektAMK.elf.dir/Drivers/STM32F4xx_HAL_Driver/Src/stm32f4xx_hal.c.obj
 .debug_frame   0x00000374      0x498 CMakeFiles/ProjektAMK.elf.dir/Drivers/STM32F4xx_HAL_Driver/Src/stm32f4xx_hal_cortex.c.obj
 .debug_frame   0x0000080c      0x14c CMakeFiles/ProjektAMK.elf.dir/Drivers/STM32F4xx_HAL_Driver/Src/stm32f4xx_hal_gpio.c.obj
 .debug_frame   0x00000958      0x1f0 CMakeFiles/ProjektAMK.elf.dir/Drivers/STM32F4xx_HAL_Driver/Src/stm32f4xx_hal_rcc.c.obj
 .debug_frame   0x00000b48      0x844 CMakeFiles/ProjektAMK.elf.dir/Drivers/STM32F4xx_HAL_Driver/Src/stm32f4xx_hal_uart.c.obj
 .debug_frame   0x0000138c       0x58 CMakeFiles/ProjektAMK.elf.dir/Src/delay.c.obj
 .debug_frame   0x000013e4       0xc0 CMakeFiles/ProjektAMK.elf.dir/Src/main.c.obj
 .debug_frame   0x000014a4      0x10c CMakeFiles/ProjektAMK.elf.dir/Src/ring_buffer.c.obj
 .debug_frame   0x000015b0       0x38 CMakeFiles/ProjektAMK.elf.dir/Src/stm32f4xx_hal_msp.c.obj
 .debug_frame   0x000015e8       0xf0 CMakeFiles/ProjektAMK.elf.dir/Src/stm32f4xx_it.c.obj
 .debug_frame   0x000016d8      0x2ac CMakeFiles/ProjektAMK.elf.dir/Src/syscalls.c.obj
 .debug_frame   0x00001984       0x34 CMakeFiles/ProjektAMK.elf.dir/Src/sysmem.c.obj
 .debug_frame   0x000019b8       0x58 CMakeFiles/ProjektAMK.elf.dir/Src/system_stm32f4xx.c.obj
 .debug_frame   0x00001a10      0x10c CMakeFiles/ProjektAMK.elf.dir/Src/uart.c.obj
 .debug_frame   0x00001b1c       0xb0 CMakeFiles/ProjektAMK.elf.dir/Src/waves.c.obj
 .debug_frame   0x00001bcc       0xac c:/progra~2/gnutoo~1/92019-~1/bin/../lib/gcc/arm-none-eabi/9.2.1/thumb/v7e-m/nofp\libgcc.a(_arm_addsubdf3.o)
 .debug_frame   0x00001c78       0x50 c:/progra~2/gnutoo~1/92019-~1/bin/../lib/gcc/arm-none-eabi/9.2.1/thumb/v7e-m/nofp\libgcc.a(_arm_muldivdf3.o)
 .debug_frame   0x00001cc8       0x24 c:/progra~2/gnutoo~1/92019-~1/bin/../lib/gcc/arm-none-eabi/9.2.1/thumb/v7e-m/nofp\libgcc.a(_arm_fixdfsi.o)
 .debug_frame   0x00001cec       0x24 c:/progra~2/gnutoo~1/92019-~1/bin/../lib/gcc/arm-none-eabi/9.2.1/thumb/v7e-m/nofp\libgcc.a(_arm_fixunsdfsi.o)
 .debug_frame   0x00001d10       0x2c c:/progra~2/gnutoo~1/92019-~1/bin/../lib/gcc/arm-none-eabi/9.2.1/thumb/v7e-m/nofp\libgcc.a(_aeabi_uldivmod.o)
 .debug_frame   0x00001d3c       0x34 c:/progra~2/gnutoo~1/92019-~1/bin/../lib/gcc/arm-none-eabi/9.2.1/thumb/v7e-m/nofp\libgcc.a(_udivmoddi4.o)
 .debug_frame   0x00001d70       0x40 c:/progra~2/gnutoo~1/92019-~1/bin/../lib/gcc/arm-none-eabi/9.2.1/../../../../arm-none-eabi/lib/thumb/v7e-m/nofp\libg.a(lib_a-assert.o)
 .debug_frame   0x00001db0       0x20 c:/progra~2/gnutoo~1/92019-~1/bin/../lib/gcc/arm-none-eabi/9.2.1/../../../../arm-none-eabi/lib/thumb/v7e-m/nofp\libg.a(lib_a-errno.o)
 .debug_frame   0x00001dd0       0x70 c:/progra~2/gnutoo~1/92019-~1/bin/../lib/gcc/arm-none-eabi/9.2.1/../../../../arm-none-eabi/lib/thumb/v7e-m/nofp\libg.a(lib_a-fiprintf.o)
 .debug_frame   0x00001e40       0x2c c:/progra~2/gnutoo~1/92019-~1/bin/../lib/gcc/arm-none-eabi/9.2.1/../../../../arm-none-eabi/lib/thumb/v7e-m/nofp\libg.a(lib_a-init.o)
 .debug_frame   0x00001e6c       0x38 c:/progra~2/gnutoo~1/92019-~1/bin/../lib/gcc/arm-none-eabi/9.2.1/../../../../arm-none-eabi/lib/thumb/v7e-m/nofp\libg.a(lib_a-memset.o)
 .debug_frame   0x00001ea4       0xd0 c:/progra~2/gnutoo~1/92019-~1/bin/../lib/gcc/arm-none-eabi/9.2.1/../../../../arm-none-eabi/lib/thumb/v7e-m/nofp\libg.a(lib_a-vfiprintf.o)
 .debug_frame   0x00001f74       0x2c c:/progra~2/gnutoo~1/92019-~1/bin/../lib/gcc/arm-none-eabi/9.2.1/../../../../arm-none-eabi/lib/thumb/v7e-m/nofp\libg.a(lib_a-wsetup.o)
 .debug_frame   0x00001fa0       0x5c c:/progra~2/gnutoo~1/92019-~1/bin/../lib/gcc/arm-none-eabi/9.2.1/../../../../arm-none-eabi/lib/thumb/v7e-m/nofp\libg.a(lib_a-__call_atexit.o)
 .debug_frame   0x00001ffc       0x28 c:/progra~2/gnutoo~1/92019-~1/bin/../lib/gcc/arm-none-eabi/9.2.1/../../../../arm-none-eabi/lib/thumb/v7e-m/nofp\libg.a(lib_a-abort.o)
 .debug_frame   0x00002024       0x20 c:/progra~2/gnutoo~1/92019-~1/bin/../lib/gcc/arm-none-eabi/9.2.1/../../../../arm-none-eabi/lib/thumb/v7e-m/nofp\libg.a(lib_a-atexit.o)
 .debug_frame   0x00002044       0x5c c:/progra~2/gnutoo~1/92019-~1/bin/../lib/gcc/arm-none-eabi/9.2.1/../../../../arm-none-eabi/lib/thumb/v7e-m/nofp\libg.a(lib_a-fflush.o)
 .debug_frame   0x000020a0      0x14c c:/progra~2/gnutoo~1/92019-~1/bin/../lib/gcc/arm-none-eabi/9.2.1/../../../../arm-none-eabi/lib/thumb/v7e-m/nofp\libg.a(lib_a-findfp.o)
 .debug_frame   0x000021ec       0x34 c:/progra~2/gnutoo~1/92019-~1/bin/../lib/gcc/arm-none-eabi/9.2.1/../../../../arm-none-eabi/lib/thumb/v7e-m/nofp\libg.a(lib_a-fini.o)
 .debug_frame   0x00002220       0x9c c:/progra~2/gnutoo~1/92019-~1/bin/../lib/gcc/arm-none-eabi/9.2.1/../../../../arm-none-eabi/lib/thumb/v7e-m/nofp\libg.a(lib_a-fputwc.o)
 .debug_frame   0x000022bc       0x8c c:/progra~2/gnutoo~1/92019-~1/bin/../lib/gcc/arm-none-eabi/9.2.1/../../../../arm-none-eabi/lib/thumb/v7e-m/nofp\libg.a(lib_a-freer.o)
 .debug_frame   0x00002348       0x64 c:/progra~2/gnutoo~1/92019-~1/bin/../lib/gcc/arm-none-eabi/9.2.1/../../../../arm-none-eabi/lib/thumb/v7e-m/nofp\libg.a(lib_a-fvwrite.o)
 .debug_frame   0x000023ac       0x54 c:/progra~2/gnutoo~1/92019-~1/bin/../lib/gcc/arm-none-eabi/9.2.1/../../../../arm-none-eabi/lib/thumb/v7e-m/nofp\libg.a(lib_a-fwalk.o)
 .debug_frame   0x00002400       0x54 c:/progra~2/gnutoo~1/92019-~1/bin/../lib/gcc/arm-none-eabi/9.2.1/../../../../arm-none-eabi/lib/thumb/v7e-m/nofp\libg.a(lib_a-locale.o)
 .debug_frame   0x00002454       0x40 c:/progra~2/gnutoo~1/92019-~1/bin/../lib/gcc/arm-none-eabi/9.2.1/../../../../arm-none-eabi/lib/thumb/v7e-m/nofp\libg.a(lib_a-localeconv.o)
 .debug_frame   0x00002494       0xb0 c:/progra~2/gnutoo~1/92019-~1/bin/../lib/gcc/arm-none-eabi/9.2.1/../../../../arm-none-eabi/lib/thumb/v7e-m/nofp\libg.a(lib_a-lock.o)
 .debug_frame   0x00002544       0x6c c:/progra~2/gnutoo~1/92019-~1/bin/../lib/gcc/arm-none-eabi/9.2.1/../../../../arm-none-eabi/lib/thumb/v7e-m/nofp\libg.a(lib_a-makebuf.o)
 .debug_frame   0x000025b0       0x4c c:/progra~2/gnutoo~1/92019-~1/bin/../lib/gcc/arm-none-eabi/9.2.1/../../../../arm-none-eabi/lib/thumb/v7e-m/nofp\libg.a(lib_a-mallocr.o)
 .debug_frame   0x000025fc       0x4c c:/progra~2/gnutoo~1/92019-~1/bin/../lib/gcc/arm-none-eabi/9.2.1/../../../../arm-none-eabi/lib/thumb/v7e-m/nofp\libg.a(lib_a-mbtowc_r.o)
 .debug_frame   0x00002648       0x40 c:/progra~2/gnutoo~1/92019-~1/bin/../lib/gcc/arm-none-eabi/9.2.1/../../../../arm-none-eabi/lib/thumb/v7e-m/nofp\libg.a(lib_a-memmove.o)
 .debug_frame   0x00002688       0x30 c:/progra~2/gnutoo~1/92019-~1/bin/../lib/gcc/arm-none-eabi/9.2.1/../../../../arm-none-eabi/lib/thumb/v7e-m/nofp\libg.a(lib_a-mlock.o)
 .debug_frame   0x000026b8       0x48 c:/progra~2/gnutoo~1/92019-~1/bin/../lib/gcc/arm-none-eabi/9.2.1/../../../../arm-none-eabi/lib/thumb/v7e-m/nofp\libg.a(lib_a-reallocr.o)
 .debug_frame   0x00002700       0x2c c:/progra~2/gnutoo~1/92019-~1/bin/../lib/gcc/arm-none-eabi/9.2.1/../../../../arm-none-eabi/lib/thumb/v7e-m/nofp\libg.a(lib_a-sbrkr.o)
 .debug_frame   0x0000272c       0xe0 c:/progra~2/gnutoo~1/92019-~1/bin/../lib/gcc/arm-none-eabi/9.2.1/../../../../arm-none-eabi/lib/thumb/v7e-m/nofp\libg.a(lib_a-signal.o)
 .debug_frame   0x0000280c       0x3c c:/progra~2/gnutoo~1/92019-~1/bin/../lib/gcc/arm-none-eabi/9.2.1/../../../../arm-none-eabi/lib/thumb/v7e-m/nofp\libg.a(lib_a-signalr.o)
 .debug_frame   0x00002848       0x8c c:/progra~2/gnutoo~1/92019-~1/bin/../lib/gcc/arm-none-eabi/9.2.1/../../../../arm-none-eabi/lib/thumb/v7e-m/nofp\libg.a(lib_a-stdio.o)
 .debug_frame   0x000028d4       0x38 c:/progra~2/gnutoo~1/92019-~1/bin/../lib/gcc/arm-none-eabi/9.2.1/../../../../arm-none-eabi/lib/thumb/v7e-m/nofp\libg.a(lib_a-strncpy.o)
 .debug_frame   0x0000290c       0x40 c:/progra~2/gnutoo~1/92019-~1/bin/../lib/gcc/arm-none-eabi/9.2.1/../../../../arm-none-eabi/lib/thumb/v7e-m/nofp\libg.a(lib_a-wbuf.o)
 .debug_frame   0x0000294c       0x60 c:/progra~2/gnutoo~1/92019-~1/bin/../lib/gcc/arm-none-eabi/9.2.1/../../../../arm-none-eabi/lib/thumb/v7e-m/nofp\libg.a(lib_a-wcrtomb.o)
 .debug_frame   0x000029ac       0x3c c:/progra~2/gnutoo~1/92019-~1/bin/../lib/gcc/arm-none-eabi/9.2.1/../../../../arm-none-eabi/lib/thumb/v7e-m/nofp\libg.a(lib_a-wctomb_r.o)
 .debug_frame   0x000029e8       0x2c c:/progra~2/gnutoo~1/92019-~1/bin/../lib/gcc/arm-none-eabi/9.2.1/../../../../arm-none-eabi/lib/thumb/v7e-m/nofp\libg.a(lib_a-writer.o)
 .debug_frame   0x00002a14       0x34 c:/progra~2/gnutoo~1/92019-~1/bin/../lib/gcc/arm-none-eabi/9.2.1/../../../../arm-none-eabi/lib/thumb/v7e-m/nofp\libg.a(lib_a-__atexit.o)
 .debug_frame   0x00002a48       0x2c c:/progra~2/gnutoo~1/92019-~1/bin/../lib/gcc/arm-none-eabi/9.2.1/../../../../arm-none-eabi/lib/thumb/v7e-m/nofp\libg.a(lib_a-closer.o)
 .debug_frame   0x00002a74       0x3c c:/progra~2/gnutoo~1/92019-~1/bin/../lib/gcc/arm-none-eabi/9.2.1/../../../../arm-none-eabi/lib/thumb/v7e-m/nofp\libg.a(lib_a-fclose.o)
 .debug_frame   0x00002ab0       0x2c c:/progra~2/gnutoo~1/92019-~1/bin/../lib/gcc/arm-none-eabi/9.2.1/../../../../arm-none-eabi/lib/thumb/v7e-m/nofp\libg.a(lib_a-fstatr.o)
 .debug_frame   0x00002adc       0x2c c:/progra~2/gnutoo~1/92019-~1/bin/../lib/gcc/arm-none-eabi/9.2.1/../../../../arm-none-eabi/lib/thumb/v7e-m/nofp\libg.a(lib_a-isattyr.o)
 .debug_frame   0x00002b08       0x2c c:/progra~2/gnutoo~1/92019-~1/bin/../lib/gcc/arm-none-eabi/9.2.1/../../../../arm-none-eabi/lib/thumb/v7e-m/nofp\libg.a(lib_a-lseekr.o)
 .debug_frame   0x00002b34       0x2c c:/progra~2/gnutoo~1/92019-~1/bin/../lib/gcc/arm-none-eabi/9.2.1/../../../../arm-none-eabi/lib/thumb/v7e-m/nofp\libg.a(lib_a-readr.o)
 .debug_frame   0x00002b60       0x60 c:/progra~2/gnutoo~1/92019-~1/bin/../lib/gcc/arm-none-eabi/9.2.1/../../../../arm-none-eabi/lib/thumb/v7e-m/nofp\libg.a(lib_a-reent.o)
