Archive member included to satisfy reference by file (symbol)

c:/progra~2/gnutoo~1/92019-~1/bin/../lib/gcc/arm-none-eabi/9.2.1/thumb/v7e-m/nofp\libgcc.a(_aeabi_uldivmod.o)
                              CMakeFiles/ProjektAMK.elf.dir/Drivers/STM32F4xx_HAL_Driver/Src/stm32f4xx_hal_rcc.c.obj (__aeabi_uldivmod)
c:/progra~2/gnutoo~1/92019-~1/bin/../lib/gcc/arm-none-eabi/9.2.1/thumb/v7e-m/nofp\libgcc.a(_udivmoddi4.o)
                              c:/progra~2/gnutoo~1/92019-~1/bin/../lib/gcc/arm-none-eabi/9.2.1/thumb/v7e-m/nofp\libgcc.a(_aeabi_uldivmod.o) (__udivmoddi4)
c:/progra~2/gnutoo~1/92019-~1/bin/../lib/gcc/arm-none-eabi/9.2.1/thumb/v7e-m/nofp\libgcc.a(_dvmd_tls.o)
                              c:/progra~2/gnutoo~1/92019-~1/bin/../lib/gcc/arm-none-eabi/9.2.1/thumb/v7e-m/nofp\libgcc.a(_aeabi_uldivmod.o) (__aeabi_ldiv0)
c:/progra~2/gnutoo~1/92019-~1/bin/../lib/gcc/arm-none-eabi/9.2.1/../../../../arm-none-eabi/lib/thumb/v7e-m/nofp\libg.a(lib_a-errno.o)
                              CMakeFiles/ProjektAMK.elf.dir/Src/syscalls.c.obj (__errno)
c:/progra~2/gnutoo~1/92019-~1/bin/../lib/gcc/arm-none-eabi/9.2.1/../../../../arm-none-eabi/lib/thumb/v7e-m/nofp\libg.a(lib_a-exit.o)
                              c:/progra~2/gnutoo~1/92019-~1/bin/../lib/gcc/arm-none-eabi/9.2.1/../../../../arm-none-eabi/lib/thumb/v7e-m/nofp/crt0.o (exit)
c:/progra~2/gnutoo~1/92019-~1/bin/../lib/gcc/arm-none-eabi/9.2.1/../../../../arm-none-eabi/lib/thumb/v7e-m/nofp\libg.a(lib_a-impure.o)
                              c:/progra~2/gnutoo~1/92019-~1/bin/../lib/gcc/arm-none-eabi/9.2.1/../../../../arm-none-eabi/lib/thumb/v7e-m/nofp\libg.a(lib_a-exit.o) (_global_impure_ptr)
c:/progra~2/gnutoo~1/92019-~1/bin/../lib/gcc/arm-none-eabi/9.2.1/../../../../arm-none-eabi/lib/thumb/v7e-m/nofp\libg.a(lib_a-init.o)
                              c:/progra~2/gnutoo~1/92019-~1/bin/../lib/gcc/arm-none-eabi/9.2.1/../../../../arm-none-eabi/lib/thumb/v7e-m/nofp/crt0.o (__libc_init_array)
c:/progra~2/gnutoo~1/92019-~1/bin/../lib/gcc/arm-none-eabi/9.2.1/../../../../arm-none-eabi/lib/thumb/v7e-m/nofp\libg.a(lib_a-memset.o)
                              c:/progra~2/gnutoo~1/92019-~1/bin/../lib/gcc/arm-none-eabi/9.2.1/../../../../arm-none-eabi/lib/thumb/v7e-m/nofp/crt0.o (memset)
c:/progra~2/gnutoo~1/92019-~1/bin/../lib/gcc/arm-none-eabi/9.2.1/../../../../arm-none-eabi/lib/thumb/v7e-m/nofp\libg.a(lib_a-__call_atexit.o)
                              c:/progra~2/gnutoo~1/92019-~1/bin/../lib/gcc/arm-none-eabi/9.2.1/../../../../arm-none-eabi/lib/thumb/v7e-m/nofp\libg.a(lib_a-exit.o) (__call_exitprocs)
c:/progra~2/gnutoo~1/92019-~1/bin/../lib/gcc/arm-none-eabi/9.2.1/../../../../arm-none-eabi/lib/thumb/v7e-m/nofp\libg.a(lib_a-atexit.o)
                              c:/progra~2/gnutoo~1/92019-~1/bin/../lib/gcc/arm-none-eabi/9.2.1/../../../../arm-none-eabi/lib/thumb/v7e-m/nofp\libg.a(lib_a-__call_atexit.o) (atexit)
c:/progra~2/gnutoo~1/92019-~1/bin/../lib/gcc/arm-none-eabi/9.2.1/../../../../arm-none-eabi/lib/thumb/v7e-m/nofp\libg.a(lib_a-fini.o)
                              c:/progra~2/gnutoo~1/92019-~1/bin/../lib/gcc/arm-none-eabi/9.2.1/../../../../arm-none-eabi/lib/thumb/v7e-m/nofp\libg.a(lib_a-__call_atexit.o) (__libc_fini_array)
c:/progra~2/gnutoo~1/92019-~1/bin/../lib/gcc/arm-none-eabi/9.2.1/../../../../arm-none-eabi/lib/thumb/v7e-m/nofp\libg.a(lib_a-lock.o)
                              c:/progra~2/gnutoo~1/92019-~1/bin/../lib/gcc/arm-none-eabi/9.2.1/../../../../arm-none-eabi/lib/thumb/v7e-m/nofp\libg.a(lib_a-__call_atexit.o) (__retarget_lock_acquire_recursive)
c:/progra~2/gnutoo~1/92019-~1/bin/../lib/gcc/arm-none-eabi/9.2.1/../../../../arm-none-eabi/lib/thumb/v7e-m/nofp\libg.a(lib_a-__atexit.o)
                              c:/progra~2/gnutoo~1/92019-~1/bin/../lib/gcc/arm-none-eabi/9.2.1/../../../../arm-none-eabi/lib/thumb/v7e-m/nofp\libg.a(lib_a-atexit.o) (__register_exitproc)

Allocating common symbols
Common symbol       size              file

__lock___atexit_recursive_mutex
                    0x1               c:/progra~2/gnutoo~1/92019-~1/bin/../lib/gcc/arm-none-eabi/9.2.1/../../../../arm-none-eabi/lib/thumb/v7e-m/nofp\libg.a(lib_a-lock.o)
__lock___arc4random_mutex
                    0x1               c:/progra~2/gnutoo~1/92019-~1/bin/../lib/gcc/arm-none-eabi/9.2.1/../../../../arm-none-eabi/lib/thumb/v7e-m/nofp\libg.a(lib_a-lock.o)
__lock___env_recursive_mutex
                    0x1               c:/progra~2/gnutoo~1/92019-~1/bin/../lib/gcc/arm-none-eabi/9.2.1/../../../../arm-none-eabi/lib/thumb/v7e-m/nofp\libg.a(lib_a-lock.o)
__lock___sinit_recursive_mutex
                    0x1               c:/progra~2/gnutoo~1/92019-~1/bin/../lib/gcc/arm-none-eabi/9.2.1/../../../../arm-none-eabi/lib/thumb/v7e-m/nofp\libg.a(lib_a-lock.o)
__lock___malloc_recursive_mutex
                    0x1               c:/progra~2/gnutoo~1/92019-~1/bin/../lib/gcc/arm-none-eabi/9.2.1/../../../../arm-none-eabi/lib/thumb/v7e-m/nofp\libg.a(lib_a-lock.o)
__lock___at_quick_exit_mutex
[...]
Memory Configuration

Name             Origin             Length             Attributes
CCMRAM           0x10000000         0x00010000         xrw
RAM              0x20000000         0x00020000         xrw
FLASH            0x08000000         0x00100000         xr
*default*        0x00000000         0xffffffff

Linker script and memory map

LOAD c:/progra~2/gnutoo~1/92019-~1/bin/../lib/gcc/arm-none-eabi/9.2.1/thumb/v7e-m/nofp/crti.o
LOAD c:/progra~2/gnutoo~1/92019-~1/bin/../lib/gcc/arm-none-eabi/9.2.1/thumb/v7e-m/nofp/crtbegin.o
LOAD c:/progra~2/gnutoo~1/92019-~1/bin/../lib/gcc/arm-none-eabi/9.2.1/../../../../arm-none-eabi/lib/thumb/v7e-m/nofp/crt0.o
LOAD CMakeFiles/ProjektAMK.elf.dir/Drivers/STM32F4xx_HAL_Driver/Src/stm32f4xx_hal.c.obj
LOAD CMakeFiles/ProjektAMK.elf.dir/Drivers/STM32F4xx_HAL_Driver/Src/stm32f4xx_hal_adc.c.obj
LOAD CMakeFiles/ProjektAMK.elf.dir/Drivers/STM32F4xx_HAL_Driver/Src/stm32f4xx_hal_adc_ex.c.obj
LOAD CMakeFiles/ProjektAMK.elf.dir/Drivers/STM32F4xx_HAL_Driver/Src/stm32f4xx_hal_cortex.c.obj
LOAD CMakeFiles/ProjektAMK.elf.dir/Drivers/STM32F4xx_HAL_Driver/Src/stm32f4xx_hal_dma.c.obj
LOAD CMakeFiles/ProjektAMK.elf.dir/Drivers/STM32F4xx_HAL_Driver/Src/stm32f4xx_hal_dma_ex.c.obj
LOAD CMakeFiles/ProjektAMK.elf.dir/Drivers/STM32F4xx_HAL_Driver/Src/stm32f4xx_hal_exti.c.obj
LOAD CMakeFiles/ProjektAMK.elf.dir/Drivers/STM32F4xx_HAL_Driver/Src/stm32f4xx_hal_flash.c.obj
LOAD CMakeFiles/ProjektAMK.elf.dir/Drivers/STM32F4xx_HAL_Driver/Src/stm32f4xx_hal_flash_ex.c.obj
LOAD CMakeFiles/ProjektAMK.elf.dir/Drivers/STM32F4xx_HAL_Driver/Src/stm32f4xx_hal_flash_ramfunc.c.obj
LOAD CMakeFiles/ProjektAMK.elf.dir/Drivers/STM32F4xx_HAL_Driver/Src/stm32f4xx_hal_gpio.c.obj
LOAD CMakeFiles/ProjektAMK.elf.dir/Drivers/STM32F4xx_HAL_Driver/Src/stm32f4xx_hal_pwr.c.obj
LOAD CMakeFiles/ProjektAMK.elf.dir/Drivers/STM32F4xx_HAL_Driver/Src/stm32f4xx_hal_pwr_ex.c.obj
LOAD CMakeFiles/ProjektAMK.elf.dir/Drivers/STM32F4xx_HAL_Driver/Src/stm32f4xx_hal_rcc.c.obj
LOAD CMakeFiles/ProjektAMK.elf.dir/Drivers/STM32F4xx_HAL_Driver/Src/stm32f4xx_hal_rcc_ex.c.obj
LOAD CMakeFiles/ProjektAMK.elf.dir/Drivers/STM32F4xx_HAL_Driver/Src/stm32f4xx_hal_sai.c.obj
LOAD CMakeFiles/ProjektAMK.elf.dir/Drivers/STM32F4xx_HAL_Driver/Src/stm32f4xx_hal_sai_ex.c.obj
LOAD CMakeFiles/ProjektAMK.elf.dir/Drivers/STM32F4xx_HAL_Driver/Src/stm32f4xx_hal_tim.c.obj
LOAD CMakeFiles/ProjektAMK.elf.dir/Drivers/STM32F4xx_HAL_Driver/Src/stm32f4xx_hal_tim_ex.c.obj
LOAD CMakeFiles/ProjektAMK.elf.dir/Drivers/STM32F4xx_HAL_Driver/Src/stm32f4xx_hal_uart.c.obj
LOAD CMakeFiles/ProjektAMK.elf.dir/Drivers/STM32F4xx_HAL_Driver/Src/stm32f4xx_hal_usart.c.obj
LOAD CMakeFiles/ProjektAMK.elf.dir/Src/main.c.obj
LOAD CMakeFiles/ProjektAMK.elf.dir/Src/stm32f4xx_hal_msp.c.obj
LOAD CMakeFiles/ProjektAMK.elf.dir/Src/stm32f4xx_it.c.obj
LOAD CMakeFiles/ProjektAMK.elf.dir/Src/syscalls.c.obj
LOAD CMakeFiles/ProjektAMK.elf.dir/Src/sysmem.c.obj
LOAD CMakeFiles/ProjektAMK.elf.dir/Src/system_stm32f4xx.c.obj
LOAD CMakeFiles/ProjektAMK.elf.dir/Src/uart.c.obj
LOAD CMakeFiles/ProjektAMK.elf.dir/Startup/startup_stm32f407vgtx.s.obj
START GROUP
LOAD c:/progra~2/gnutoo~1/92019-~1/bin/../lib/gcc/arm-none-eabi/9.2.1/thumb/v7e-m/nofp\libgcc.a
LOAD c:/progra~2/gnutoo~1/92019-~1/bin/../lib/gcc/arm-none-eabi/9.2.1/../../../../arm-none-eabi/lib/thumb/v7e-m/nofp\libg.a
LOAD c:/progra~2/gnutoo~1/92019-~1/bin/../lib/gcc/arm-none-eabi/9.2.1/../../../../arm-none-eabi/lib/thumb/v7e-m/nofp\libc.a
END GROUP
LOAD c:/progra~2/gnutoo~1/92019-~1/bin/../lib/gcc/arm-none-eabi/9.2.1/thumb/v7e-m/nofp/crtend.o
LOAD c:/progra~2/gnutoo~1/92019-~1/bin/../lib/gcc/arm-none-eabi/9.2.1/thumb/v7e-m/nofp/crtn.o
                0x20020000                _estack = (ORIGIN (RAM) + LENGTH (RAM))
                0x00000200                _Min_Heap_Size = 0x200
                0x00000400                _Min_Stack_Size = 0x400

.isr_vector     0x08000000      0x188
                0x08000000                . = ALIGN (0x4)
 *(.isr_vector)
 .isr_vector    0x08000000      0x188 CMakeFiles/ProjektAMK.elf.dir/Startup/startup_stm32f407vgtx.s.obj
                0x08000000                g_pfnVectors
                0x08000188                . = ALIGN (0x4)

.text           0x08000188     0x1fb8
                0x08000188                . = ALIGN (0x4)
 *(.text)
 .text          0x08000188       0x40 c:/progra~2/gnutoo~1/92019-~1/bin/../lib/gcc/arm-none-eabi/9.2.1/thumb/v7e-m/nofp/crtbegin.o
 .text          0x080001c8       0x30 c:/progra~2/gnutoo~1/92019-~1/bin/../lib/gcc/arm-none-eabi/9.2.1/thumb/v7e-m/nofp\libgcc.a(_aeabi_uldivmod.o)
                0x080001c8                __aeabi_uldivmod
 .text          0x080001f8      0x2c0 c:/progra~2/gnutoo~1/92019-~1/bin/../lib/gcc/arm-none-eabi/9.2.1/thumb/v7e-m/nofp\libgcc.a(_udivmoddi4.o)
                0x080001f8                __udivmoddi4
 .text          0x080004b8        0x4 c:/progra~2/gnutoo~1/92019-~1/bin/../lib/gcc/arm-none-eabi/9.2.1/thumb/v7e-m/nofp\libgcc.a(_dvmd_tls.o)
                0x080004b8                __aeabi_idiv0
                0x080004b8                __aeabi_ldiv0
 *(.text*)
 .text.HAL_Init
                0x080004bc       0x44 CMakeFiles/ProjektAMK.elf.dir/Drivers/STM32F4xx_HAL_Driver/Src/stm32f4xx_hal.c.obj
                0x080004bc                HAL_Init
 .text.HAL_InitTick
                0x08000500       0x60 CMakeFiles/ProjektAMK.elf.dir/Drivers/STM32F4xx_HAL_Driver/Src/stm32f4xx_hal.c.obj
                0x08000500                HAL_InitTick
 .text.HAL_GetTick
                0x08000560       0x14 CMakeFiles/ProjektAMK.elf.dir/Drivers/STM32F4xx_HAL_Driver/Src/stm32f4xx_hal.c.obj
                0x08000560                HAL_GetTick
 .text.__NVIC_SetPriorityGrouping
                0x08000574       0x48 CMakeFiles/ProjektAMK.elf.dir/Drivers/STM32F4xx_HAL_Driver/Src/stm32f4xx_hal_cortex.c.obj
 .text.__NVIC_GetPriorityGrouping
                0x080005bc       0x1c CMakeFiles/ProjektAMK.elf.dir/Drivers/STM32F4xx_HAL_Driver/Src/stm32f4xx_hal_cortex.c.obj
 .text.__NVIC_EnableIRQ
                0x080005d8       0x38 CMakeFiles/ProjektAMK.elf.dir/Drivers/STM32F4xx_HAL_Driver/Src/stm32f4xx_hal_cortex.c.obj
 .text.__NVIC_SetPriority
                0x08000610       0x54 CMakeFiles/ProjektAMK.elf.dir/Drivers/STM32F4xx_HAL_Driver/Src/stm32f4xx_hal_cortex.c.obj
 .text.NVIC_EncodePriority
                0x08000664       0x64 CMakeFiles/ProjektAMK.elf.dir/Drivers/STM32F4xx_HAL_Driver/Src/stm32f4xx_hal_cortex.c.obj
 .text.SysTick_Config
                0x080006c8       0x44 CMakeFiles/ProjektAMK.elf.dir/Drivers/STM32F4xx_HAL_Driver/Src/stm32f4xx_hal_cortex.c.obj
 .text.HAL_NVIC_SetPriorityGrouping
                0x0800070c       0x16 CMakeFiles/ProjektAMK.elf.dir/Drivers/STM32F4xx_HAL_Driver/Src/stm32f4xx_hal_cortex.c.obj
                0x0800070c                HAL_NVIC_SetPriorityGrouping
 .text.HAL_NVIC_SetPriority
                0x08000722       0x38 CMakeFiles/ProjektAMK.elf.dir/Drivers/STM32F4xx_HAL_Driver/Src/stm32f4xx_hal_cortex.c.obj
                0x08000722                HAL_NVIC_SetPriority
 .text.HAL_NVIC_EnableIRQ
                0x0800075a       0x1c CMakeFiles/ProjektAMK.elf.dir/Drivers/STM32F4xx_HAL_Driver/Src/stm32f4xx_hal_cortex.c.obj
                0x0800075a                HAL_NVIC_EnableIRQ
 .text.HAL_SYSTICK_Config
                0x08000776       0x18 CMakeFiles/ProjektAMK.elf.dir/Drivers/STM32F4xx_HAL_Driver/Src/stm32f4xx_hal_cortex.c.obj
                0x08000776                HAL_SYSTICK_Config
 *fill*         0x0800078e        0x2 
 .text.HAL_GPIO_Init
                0x08000790      0x334 CMakeFiles/ProjektAMK.elf.dir/Drivers/STM32F4xx_HAL_Driver/Src/stm32f4xx_hal_gpio.c.obj
                0x08000790                HAL_GPIO_Init
 .text.HAL_GPIO_TogglePin
                0x08000ac4       0x34 CMakeFiles/ProjektAMK.elf.dir/Drivers/STM32F4xx_HAL_Driver/Src/stm32f4xx_hal_gpio.c.obj
                0x08000ac4                HAL_GPIO_TogglePin
 .text.HAL_RCC_OscConfig
                0x08000af8      0x4e0 CMakeFiles/ProjektAMK.elf.dir/Drivers/STM32F4xx_HAL_Driver/Src/stm32f4xx_hal_rcc.c.obj
                0x08000af8                HAL_RCC_OscConfig
 .text.HAL_RCC_ClockConfig
                0x08000fd8      0x1cc CMakeFiles/ProjektAMK.elf.dir/Drivers/STM32F4xx_HAL_Driver/Src/stm32f4xx_hal_rcc.c.obj
                0x08000fd8                HAL_RCC_ClockConfig
 .text.HAL_RCC_GetSysClockFreq
                0x080011a4      0x1c4 CMakeFiles/ProjektAMK.elf.dir/Drivers/STM32F4xx_HAL_Driver/Src/stm32f4xx_hal_rcc.c.obj
                0x080011a4                HAL_RCC_GetSysClockFreq
 .text.HAL_RCC_GetHCLKFreq
                0x08001368       0x14 CMakeFiles/ProjektAMK.elf.dir/Drivers/STM32F4xx_HAL_Driver/Src/stm32f4xx_hal_rcc.c.obj
                0x08001368                HAL_RCC_GetHCLKFreq
 .text.HAL_RCC_GetPCLK1Freq
                0x0800137c       0x28 CMakeFiles/ProjektAMK.elf.dir/Drivers/STM32F4xx_HAL_Driver/Src/stm32f4xx_hal_rcc.c.obj
                0x0800137c                HAL_RCC_GetPCLK1Freq
 .text.HAL_RCC_GetPCLK2Freq
                0x080013a4       0x28 CMakeFiles/ProjektAMK.elf.dir/Drivers/STM32F4xx_HAL_Driver/Src/stm32f4xx_hal_rcc.c.obj
                0x080013a4                HAL_RCC_GetPCLK2Freq
 .text.HAL_UART_Init
                0x080013cc       0x9a CMakeFiles/ProjektAMK.elf.dir/Drivers/STM32F4xx_HAL_Driver/Src/stm32f4xx_hal_uart.c.obj
                0x080013cc                HAL_UART_Init
 .text.HAL_UART_MspInit
                0x08001466       0x12 CMakeFiles/ProjektAMK.elf.dir/Drivers/STM32F4xx_HAL_Driver/Src/stm32f4xx_hal_uart.c.obj
                0x08001466                HAL_UART_MspInit
 .text.UART_SetConfig
                0x08001478      0x740 CMakeFiles/ProjektAMK.elf.dir/Drivers/STM32F4xx_HAL_Driver/Src/stm32f4xx_hal_uart.c.obj
 .text.SysTick_Handler
                0x08001bb8       0x1c CMakeFiles/ProjektAMK.elf.dir/Src/main.c.obj
                0x08001bb8                SysTick_Handler
 .text.LED_Init
                0x08001bd4       0x50 CMakeFiles/ProjektAMK.elf.dir/Src/main.c.obj
                0x08001bd4                LED_Init
 .text.Delay    0x08001c24       0x38 CMakeFiles/ProjektAMK.elf.dir/Src/main.c.obj
                0x08001c24                Delay
 .text.main     0x08001c5c       0x3c CMakeFiles/ProjektAMK.elf.dir/Src/main.c.obj
                0x08001c5c                main
 .text.SystemClock_Config
                0x08001c98       0xd4 CMakeFiles/ProjektAMK.elf.dir/Src/main.c.obj
                0x08001c98                SystemClock_Config
 .text.MX_GPIO_Init
                0x08001d6c       0x30 CMakeFiles/ProjektAMK.elf.dir/Src/main.c.obj
 .text.Error_Handler
                0x08001d9c        0xc CMakeFiles/ProjektAMK.elf.dir/Src/main.c.obj
                0x08001d9c                Error_Handler
 .text.HAL_MspInit
                0x08001da8       0x4c CMakeFiles/ProjektAMK.elf.dir/Src/stm32f4xx_hal_msp.c.obj
                0x08001da8                HAL_MspInit
 .text.NMI_Handler
                0x08001df4        0xc CMakeFiles/ProjektAMK.elf.dir/Src/stm32f4xx_it.c.obj
                0x08001df4                NMI_Handler
 .text.HardFault_Handler
                0x08001e00        0x6 CMakeFiles/ProjektAMK.elf.dir/Src/stm32f4xx_it.c.obj
                0x08001e00                HardFault_Handler
 .text.MemManage_Handler
                0x08001e06        0x6 CMakeFiles/ProjektAMK.elf.dir/Src/stm32f4xx_it.c.obj
                0x08001e06                MemManage_Handler
 .text.BusFault_Handler
                0x08001e0c        0x6 CMakeFiles/ProjektAMK.elf.dir/Src/stm32f4xx_it.c.obj
                0x08001e0c                BusFault_Handler
 .text.UsageFault_Handler
                0x08001e12        0x6 CMakeFiles/ProjektAMK.elf.dir/Src/stm32f4xx_it.c.obj
                0x08001e12                UsageFault_Handler
 .text.SVC_Handler
                0x08001e18        0xc CMakeFiles/ProjektAMK.elf.dir/Src/stm32f4xx_it.c.obj
                0x08001e18                SVC_Handler
 .text.DebugMon_Handler
                0x08001e24        0xc CMakeFiles/ProjektAMK.elf.dir/Src/stm32f4xx_it.c.obj
                0x08001e24                DebugMon_Handler
 .text.PendSV_Handler
                0x08001e30        0xc CMakeFiles/ProjektAMK.elf.dir/Src/stm32f4xx_it.c.obj
                0x08001e30                PendSV_Handler
 .text.SystemInit
                0x08001e3c       0x18 CMakeFiles/ProjektAMK.elf.dir/Src/system_stm32f4xx.c.obj
                0x08001e3c                SystemInit
 .text.UARTInit
                0x08001e54       0xb8 CMakeFiles/ProjektAMK.elf.dir/Src/uart.c.obj
                0x08001e54                UARTInit
 .text.Reset_Handler
                0x08001f0c       0x50 CMakeFiles/ProjektAMK.elf.dir/Startup/startup_stm32f407vgtx.s.obj
                0x08001f0c                Reset_Handler
 .text.Default_Handler
                0x08001f5c        0x2 CMakeFiles/ProjektAMK.elf.dir/Startup/startup_stm32f407vgtx.s.obj
                0x08001f5c                RTC_Alarm_IRQHandler
                0x08001f5c                HASH_RNG_IRQHandler
                0x08001f5c                EXTI2_IRQHandler
                0x08001f5c                TIM8_CC_IRQHandler
                0x08001f5c                TIM1_CC_IRQHandler
                0x08001f5c                DMA2_Stream5_IRQHandler
                0x08001f5c                DMA1_Stream5_IRQHandler
                0x08001f5c                PVD_IRQHandler
                0x08001f5c                SDIO_IRQHandler
                0x08001f5c                TAMP_STAMP_IRQHandler
                0x08001f5c                CAN2_RX1_IRQHandler
                0x08001f5c                EXTI3_IRQHandler
                0x08001f5c                TIM8_TRG_COM_TIM14_IRQHandler
                0x08001f5c                TIM1_UP_TIM10_IRQHandler
                0x08001f5c                TIM8_UP_TIM13_IRQHandler
                0x08001f5c                I2C3_ER_IRQHandler
                0x08001f5c                EXTI0_IRQHandler
                0x08001f5c                I2C2_EV_IRQHandler
                0x08001f5c                DMA1_Stream2_IRQHandler
                0x08001f5c                CAN1_RX0_IRQHandler
                0x08001f5c                FPU_IRQHandler
                0x08001f5c                OTG_HS_WKUP_IRQHandler
                0x08001f5c                CAN2_SCE_IRQHandler
                0x08001f5c                DMA2_Stream2_IRQHandler
                0x08001f5c                SPI1_IRQHandler
                0x08001f5c                TIM6_DAC_IRQHandler
                0x08001f5c                TIM1_BRK_TIM9_IRQHandler
                0x08001f5c                DCMI_IRQHandler
                0x08001f5c                CAN2_RX0_IRQHandler
                0x08001f5c                DMA2_Stream3_IRQHandler
                0x08001f5c                USART6_IRQHandler
                0x08001f5c                USART3_IRQHandler
                0x08001f5c                CAN1_RX1_IRQHandler
                0x08001f5c                UART5_IRQHandler
                0x08001f5c                DMA2_Stream0_IRQHandler
                0x08001f5c                TIM4_IRQHandler
                0x08001f5c                I2C1_EV_IRQHandler
                0x08001f5c                DMA1_Stream6_IRQHandler
                0x08001f5c                DMA1_Stream1_IRQHandler
                0x08001f5c                UART4_IRQHandler
                0x08001f5c                TIM3_IRQHandler
                0x08001f5c                RCC_IRQHandler
                0x08001f5c                TIM8_BRK_TIM12_IRQHandler
                0x08001f5c                Default_Handler
                0x08001f5c                EXTI15_10_IRQHandler
                0x08001f5c                ADC_IRQHandler
                0x08001f5c                DMA1_Stream7_IRQHandler
                0x08001f5c                TIM7_IRQHandler
                0x08001f5c                CAN2_TX_IRQHandler
                0x08001f5c                TIM5_IRQHandler
                0x08001f5c                DMA2_Stream7_IRQHandler
                0x08001f5c                I2C3_EV_IRQHandler
                0x08001f5c                EXTI9_5_IRQHandler
                0x08001f5c                RTC_WKUP_IRQHandler
                0x08001f5c                ETH_WKUP_IRQHandler
                0x08001f5c                SPI2_IRQHandler
                0x08001f5c                OTG_HS_EP1_IN_IRQHandler
                0x08001f5c                DMA1_Stream0_IRQHandler
                0x08001f5c                CAN1_TX_IRQHandler
                0x08001f5c                EXTI4_IRQHandler
                0x08001f5c                FSMC_IRQHandler
                0x08001f5c                ETH_IRQHandler
                0x08001f5c                OTG_HS_EP1_OUT_IRQHandler
                0x08001f5c                WWDG_IRQHandler
                0x08001f5c                TIM2_IRQHandler
                0x08001f5c                OTG_FS_WKUP_IRQHandler
                0x08001f5c                TIM1_TRG_COM_TIM11_IRQHandler
                0x08001f5c                OTG_HS_IRQHandler
                0x08001f5c                EXTI1_IRQHandler
                0x08001f5c                USART2_IRQHandler
                0x08001f5c                I2C2_ER_IRQHandler
                0x08001f5c                DMA2_Stream1_IRQHandler
                0x08001f5c                CAN1_SCE_IRQHandler
                0x08001f5c                FLASH_IRQHandler
                0x08001f5c                DMA2_Stream4_IRQHandler
                0x08001f5c                USART1_IRQHandler
                0x08001f5c                OTG_FS_IRQHandler
                0x08001f5c                SPI3_IRQHandler
                0x08001f5c                DMA1_Stream4_IRQHandler
                0x08001f5c                I2C1_ER_IRQHandler
                0x08001f5c                DMA2_Stream6_IRQHandler
                0x08001f5c                DMA1_Stream3_IRQHandler
 *fill*         0x08001f5e        0x2 
 .text.__libc_init_array
                0x08001f60       0x48 c:/progra~2/gnutoo~1/92019-~1/bin/../lib/gcc/arm-none-eabi/9.2.1/../../../../arm-none-eabi/lib/thumb/v7e-m/nofp\libg.a(lib_a-init.o)
                0x08001f60                __libc_init_array
 .text.memset   0x08001fa8       0xa0 c:/progra~2/gnutoo~1/92019-~1/bin/../lib/gcc/arm-none-eabi/9.2.1/../../../../arm-none-eabi/lib/thumb/v7e-m/nofp\libg.a(lib_a-memset.o)
                0x08001fa8                memset
 .text.startup.register_fini
                0x08002048       0x14 c:/progra~2/gnutoo~1/92019-~1/bin/../lib/gcc/arm-none-eabi/9.2.1/../../../../arm-none-eabi/lib/thumb/v7e-m/nofp\libg.a(lib_a-__call_atexit.o)
 .text.atexit   0x0800205c        0xc c:/progra~2/gnutoo~1/92019-~1/bin/../lib/gcc/arm-none-eabi/9.2.1/../../../../arm-none-eabi/lib/thumb/v7e-m/nofp\libg.a(lib_a-atexit.o)
                0x0800205c                atexit
 .text.__libc_fini_array
                0x08002068       0x2c c:/progra~2/gnutoo~1/92019-~1/bin/../lib/gcc/arm-none-eabi/9.2.1/../../../../arm-none-eabi/lib/thumb/v7e-m/nofp\libg.a(lib_a-fini.o)
                0x08002068                __libc_fini_array
 .text.__retarget_lock_acquire_recursive
                0x08002094        0x4 c:/progra~2/gnutoo~1/92019-~1/bin/../lib/gcc/arm-none-eabi/9.2.1/../../../../arm-none-eabi/lib/thumb/v7e-m/nofp\libg.a(lib_a-lock.o)
                0x08002094                __retarget_lock_acquire_recursive
 .text.__retarget_lock_release_recursive
                0x08002098        0x4 c:/progra~2/gnutoo~1/92019-~1/bin/../lib/gcc/arm-none-eabi/9.2.1/../../../../arm-none-eabi/lib/thumb/v7e-m/nofp\libg.a(lib_a-lock.o)
                0x08002098                __retarget_lock_release_recursive
 .text.__register_exitproc
                0x0800209c       0x8c c:/progra~2/gnutoo~1/92019-~1/bin/../lib/gcc/arm-none-eabi/9.2.1/../../../../arm-none-eabi/lib/thumb/v7e-m/nofp\libg.a(lib_a-__atexit.o)
                0x0800209c                __register_exitproc
 *(.glue_7)
 .glue_7        0x08002128        0x0 linker stubs
 *(.glue_7t)
 .glue_7t       0x08002128        0x0 linker stubs
 *(.eh_frame)
 .eh_frame      0x08002128        0x0 c:/progra~2/gnutoo~1/92019-~1/bin/../lib/gcc/arm-none-eabi/9.2.1/thumb/v7e-m/nofp/crtbegin.o
 *(.init)
 .init          0x08002128        0x4 c:/progra~2/gnutoo~1/92019-~1/bin/../lib/gcc/arm-none-eabi/9.2.1/thumb/v7e-m/nofp/crti.o
                0x08002128                _init
 .init          0x0800212c        0x8 c:/progra~2/gnutoo~1/92019-~1/bin/../lib/gcc/arm-none-eabi/9.2.1/thumb/v7e-m/nofp/crtn.o
 *(.fini)
 .fini          0x08002134        0x4 c:/progra~2/gnutoo~1/92019-~1/bin/../lib/gcc/arm-none-eabi/9.2.1/thumb/v7e-m/nofp/crti.o
                0x08002134                _fini
 .fini          0x08002138        0x8 c:/progra~2/gnutoo~1/92019-~1/bin/../lib/gcc/arm-none-eabi/9.2.1/thumb/v7e-m/nofp/crtn.o
                0x08002140                . = ALIGN (0x4)
                0x08002140                _etext = .

.vfp11_veneer   0x08002140        0x0
 .vfp11_veneer  0x08002140        0x0 linker stubs

.v4_bx          0x08002140        0x0
 .v4_bx         0x08002140        0x0 linker stubs

.iplt           0x08002140        0x0
 .iplt          0x08002140        0x0 c:/progra~2/gnutoo~1/92019-~1/bin/../lib/gcc/arm-none-eabi/9.2.1/thumb/v7e-m/nofp/crtbegin.o

.rodata         0x08002140       0x1c
                0x08002140                . = ALIGN (0x4)
 *(.rodata)
 *(.rodata*)
 .rodata.AHBPrescTable
                0x08002140       0x10 CMakeFiles/ProjektAMK.elf.dir/Src/system_stm32f4xx.c.obj
                0x08002140                AHBPrescTable
 .rodata.APBPrescTable
                0x08002150        0x8 CMakeFiles/ProjektAMK.elf.dir/Src/system_stm32f4xx.c.obj
                0x08002150                APBPrescTable
 .rodata._global_impure_ptr
                0x08002158        0x4 c:/progra~2/gnutoo~1/92019-~1/bin/../lib/gcc/arm-none-eabi/9.2.1/../../../../arm-none-eabi/lib/thumb/v7e-m/nofp\libg.a(lib_a-impure.o)
                0x08002158                _global_impure_ptr
                0x0800215c                . = ALIGN (0x4)

.ARM.extab      0x0800215c        0x0
                0x0800215c                . = ALIGN (0x4)
 *(.ARM.extab* .gnu.linkonce.armextab.*)
                0x0800215c                . = ALIGN (0x4)

.ARM            0x0800215c        0x8
                0x0800215c                . = ALIGN (0x4)
                0x0800215c                __exidx_start = .
 *(.ARM.exidx*)
 .ARM.exidx     0x0800215c        0x8 c:/progra~2/gnutoo~1/92019-~1/bin/../lib/gcc/arm-none-eabi/9.2.1/thumb/v7e-m/nofp\libgcc.a(_udivmoddi4.o)
                0x08002164                __exidx_end = .
                0x08002164                . = ALIGN (0x4)

.rel.dyn        0x08002164        0x0
 .rel.iplt      0x08002164        0x0 c:/progra~2/gnutoo~1/92019-~1/bin/../lib/gcc/arm-none-eabi/9.2.1/thumb/v7e-m/nofp/crtbegin.o

.preinit_array  0x08002164        0x0
                0x08002164                . = ALIGN (0x4)
                0x08002164                PROVIDE (__preinit_array_start = .)
 *(.preinit_array*)
                0x08002164                PROVIDE (__preinit_array_end = .)
                0x08002164                . = ALIGN (0x4)

.init_array     0x08002164        0x8
                0x08002164                . = ALIGN (0x4)
                0x08002164                PROVIDE (__init_array_start = .)
 *(SORT_BY_NAME(.init_array.*))
 .init_array.00000
                0x08002164        0x4 c:/progra~2/gnutoo~1/92019-~1/bin/../lib/gcc/arm-none-eabi/9.2.1/../../../../arm-none-eabi/lib/thumb/v7e-m/nofp\libg.a(lib_a-__call_atexit.o)
 *(.init_array*)
 .init_array    0x08002168        0x4 c:/progra~2/gnutoo~1/92019-~1/bin/../lib/gcc/arm-none-eabi/9.2.1/thumb/v7e-m/nofp/crtbegin.o
                0x0800216c                PROVIDE (__init_array_end = .)
                0x0800216c                . = ALIGN (0x4)

.fini_array     0x0800216c        0x4
                0x0800216c                . = ALIGN (0x4)
                0x0800216c                PROVIDE (__fini_array_start = .)
 *(SORT_BY_NAME(.fini_array.*))
 *(.fini_array*)
 .fini_array    0x0800216c        0x4 c:/progra~2/gnutoo~1/92019-~1/bin/../lib/gcc/arm-none-eabi/9.2.1/thumb/v7e-m/nofp/crtbegin.o
                0x08002170                PROVIDE (__fini_array_end = .)
                0x08002170                . = ALIGN (0x4)
                0x08002170                _sidata = LOADADDR (.data)

.data           0x20000000      0x43c load address 0x08002170
                0x20000000                . = ALIGN (0x4)
                0x20000000                _sdata = .
 *(.data)
 *(.data*)
 .data.uwTickPrio
                0x20000000        0x4 CMakeFiles/ProjektAMK.elf.dir/Drivers/STM32F4xx_HAL_Driver/Src/stm32f4xx_hal.c.obj
                0x20000000                uwTickPrio
 .data.uwTickFreq
                0x20000004        0x1 CMakeFiles/ProjektAMK.elf.dir/Drivers/STM32F4xx_HAL_Driver/Src/stm32f4xx_hal.c.obj
                0x20000004                uwTickFreq
 *fill*         0x20000005        0x3 
 .data.SystemCoreClock
                0x20000008        0x4 CMakeFiles/ProjektAMK.elf.dir/Src/system_stm32f4xx.c.obj
                0x20000008                SystemCoreClock
 *fill*         0x2000000c        0x4 
 .data.impure_data
                0x20000010      0x428 c:/progra~2/gnutoo~1/92019-~1/bin/../lib/gcc/arm-none-eabi/9.2.1/../../../../arm-none-eabi/lib/thumb/v7e-m/nofp\libg.a(lib_a-impure.o)
 .data.__atexit_recursive_mutex
                0x20000438        0x4 c:/progra~2/gnutoo~1/92019-~1/bin/../lib/gcc/arm-none-eabi/9.2.1/../../../../arm-none-eabi/lib/thumb/v7e-m/nofp\libg.a(lib_a-__call_atexit.o)
                0x20000438                __atexit_recursive_mutex
                0x2000043c                . = ALIGN (0x4)
                0x2000043c                _edata = .

.igot.plt       0x2000043c        0x0 load address 0x080025ac
 .igot.plt      0x2000043c        0x0 c:/progra~2/gnutoo~1/92019-~1/bin/../lib/gcc/arm-none-eabi/9.2.1/thumb/v7e-m/nofp/crtbegin.o
                0x2000043c                . = ALIGN (0x4)

.bss            0x2000043c       0x48 load address 0x080025ac
                0x2000043c                _sbss = .
                0x2000043c                __bss_start__ = _sbss
 *(.bss)
 .bss           0x2000043c       0x1c c:/progra~2/gnutoo~1/92019-~1/bin/../lib/gcc/arm-none-eabi/9.2.1/thumb/v7e-m/nofp/crtbegin.o
 *(.bss*)
 .bss.uwTick    0x20000458        0x4 CMakeFiles/ProjektAMK.elf.dir/Drivers/STM32F4xx_HAL_Driver/Src/stm32f4xx_hal.c.obj
                0x20000458                uwTick
 .bss.ticks     0x2000045c        0x4 CMakeFiles/ProjektAMK.elf.dir/Src/main.c.obj
                0x2000045c                ticks
 *(COMMON)
 COMMON         0x20000460       0x21 c:/progra~2/gnutoo~1/92019-~1/bin/../lib/gcc/arm-none-eabi/9.2.1/../../../../arm-none-eabi/lib/thumb/v7e-m/nofp\libg.a(lib_a-lock.o)
                0x20000460                __lock___atexit_recursive_mutex
                0x20000464                __lock___arc4random_mutex
                0x20000468                __lock___env_recursive_mutex
                0x2000046c                __lock___sinit_recursive_mutex
                0x20000470                __lock___malloc_recursive_mutex
                0x20000474                __lock___at_quick_exit_mutex
                0x20000478                __lock___dd_hash_mutex
                0x2000047c                __lock___tz_mutex
                0x20000480                __lock___sfp_recursive_mutex
                0x20000484                . = ALIGN (0x4)
 *fill*         0x20000481        0x3 
                0x20000484                _ebss = .
                0x20000484                __bss_end__ = _ebss

._user_heap_stack
                0x20000484      0x604 load address 0x080025ac
                0x20000488                . = ALIGN (0x8)
 *fill*         0x20000484        0x4 
                0x20000488                PROVIDE (end = .)
                [!provide]                PROVIDE (_end = .)
                0x20000688                . = (. + _Min_Heap_Size)
 *fill*         0x20000488      0x200 
                0x20000a88                . = (. + _Min_Stack_Size)
 *fill*         0x20000688      0x400 
                0x20000a88                . = ALIGN (0x8)

/DISCARD/
 libc.a(*)
 libm.a(*)
 libgcc.a(*)

.ARM.attributes
                0x00000000       0x2a
 *(.ARM.attributes)
 .ARM.attributes
                0x00000000       0x1e c:/progra~2/gnutoo~1/92019-~1/bin/../lib/gcc/arm-none-eabi/9.2.1/thumb/v7e-m/nofp/crti.o
 .ARM.attributes
                0x0000001e       0x2e c:/progra~2/gnutoo~1/92019-~1/bin/../lib/gcc/arm-none-eabi/9.2.1/thumb/v7e-m/nofp/crtbegin.o
 .ARM.attributes
                0x0000004c       0x2e CMakeFiles/ProjektAMK.elf.dir/Drivers/STM32F4xx_HAL_Driver/Src/stm32f4xx_hal.c.obj
 .ARM.attributes
                0x0000007a       0x2e CMakeFiles/ProjektAMK.elf.dir/Drivers/STM32F4xx_HAL_Driver/Src/stm32f4xx_hal_cortex.c.obj
 .ARM.attributes
                0x000000a8       0x2e CMakeFiles/ProjektAMK.elf.dir/Drivers/STM32F4xx_HAL_Driver/Src/stm32f4xx_hal_gpio.c.obj
 .ARM.attributes
                0x000000d6       0x2e CMakeFiles/ProjektAMK.elf.dir/Drivers/STM32F4xx_HAL_Driver/Src/stm32f4xx_hal_rcc.c.obj
 .ARM.attributes
                0x00000104       0x2e CMakeFiles/ProjektAMK.elf.dir/Drivers/STM32F4xx_HAL_Driver/Src/stm32f4xx_hal_uart.c.obj
 .ARM.attributes
                0x00000132       0x2e CMakeFiles/ProjektAMK.elf.dir/Src/main.c.obj
 .ARM.attributes
                0x00000160       0x2e CMakeFiles/ProjektAMK.elf.dir/Src/stm32f4xx_hal_msp.c.obj
 .ARM.attributes
                0x0000018e       0x2e CMakeFiles/ProjektAMK.elf.dir/Src/stm32f4xx_it.c.obj
 .ARM.attributes
                0x000001bc       0x2e CMakeFiles/ProjektAMK.elf.dir/Src/system_stm32f4xx.c.obj
 .ARM.attributes
                0x000001ea       0x2e CMakeFiles/ProjektAMK.elf.dir/Src/uart.c.obj
 .ARM.attributes
                0x00000218       0x21 CMakeFiles/ProjektAMK.elf.dir/Startup/startup_stm32f407vgtx.s.obj
 .ARM.attributes
                0x00000239       0x1e c:/progra~2/gnutoo~1/92019-~1/bin/../lib/gcc/arm-none-eabi/9.2.1/thumb/v7e-m/nofp\libgcc.a(_aeabi_uldivmod.o)
 .ARM.attributes
                0x00000257       0x2e c:/progra~2/gnutoo~1/92019-~1/bin/../lib/gcc/arm-none-eabi/9.2.1/thumb/v7e-m/nofp\libgcc.a(_udivmoddi4.o)
 .ARM.attributes
                0x00000285       0x1e c:/progra~2/gnutoo~1/92019-~1/bin/../lib/gcc/arm-none-eabi/9.2.1/thumb/v7e-m/nofp\libgcc.a(_dvmd_tls.o)
 .ARM.attributes
                0x000002a3       0x2e c:/progra~2/gnutoo~1/92019-~1/bin/../lib/gcc/arm-none-eabi/9.2.1/../../../../arm-none-eabi/lib/thumb/v7e-m/nofp\libg.a(lib_a-impure.o)
 .ARM.attributes
                0x000002d1       0x2e c:/progra~2/gnutoo~1/92019-~1/bin/../lib/gcc/arm-none-eabi/9.2.1/../../../../arm-none-eabi/lib/thumb/v7e-m/nofp\libg.a(lib_a-init.o)
 .ARM.attributes
                0x000002ff       0x2e c:/progra~2/gnutoo~1/92019-~1/bin/../lib/gcc/arm-none-eabi/9.2.1/../../../../arm-none-eabi/lib/thumb/v7e-m/nofp\libg.a(lib_a-memset.o)
 .ARM.attributes
                0x0000032d       0x2e c:/progra~2/gnutoo~1/92019-~1/bin/../lib/gcc/arm-none-eabi/9.2.1/../../../../arm-none-eabi/lib/thumb/v7e-m/nofp\libg.a(lib_a-__call_atexit.o)
 .ARM.attributes
                0x0000035b       0x2e c:/progra~2/gnutoo~1/92019-~1/bin/../lib/gcc/arm-none-eabi/9.2.1/../../../../arm-none-eabi/lib/thumb/v7e-m/nofp\libg.a(lib_a-atexit.o)
 .ARM.attributes
                0x00000389       0x2e c:/progra~2/gnutoo~1/92019-~1/bin/../lib/gcc/arm-none-eabi/9.2.1/../../../../arm-none-eabi/lib/thumb/v7e-m/nofp\libg.a(lib_a-fini.o)
 .ARM.attributes
                0x000003b7       0x2e c:/progra~2/gnutoo~1/92019-~1/bin/../lib/gcc/arm-none-eabi/9.2.1/../../../../arm-none-eabi/lib/thumb/v7e-m/nofp\libg.a(lib_a-lock.o)
 .ARM.attributes
                0x000003e5       0x2e c:/progra~2/gnutoo~1/92019-~1/bin/../lib/gcc/arm-none-eabi/9.2.1/../../../../arm-none-eabi/lib/thumb/v7e-m/nofp\libg.a(lib_a-__atexit.o)
 .ARM.attributes
                0x00000413       0x1e c:/progra~2/gnutoo~1/92019-~1/bin/../lib/gcc/arm-none-eabi/9.2.1/thumb/v7e-m/nofp/crtn.o
OUTPUT(ProjektAMK.elf elf32-littlearm)

.debug_info     0x00000000     0x5bfb
 .debug_info    0x00000000      0x9a7 CMakeFiles/ProjektAMK.elf.dir/Drivers/STM32F4xx_HAL_Driver/Src/stm32f4xx_hal.c.obj
 .debug_info    0x000009a7      0xecc CMakeFiles/ProjektAMK.elf.dir/Drivers/STM32F4xx_HAL_Driver/Src/stm32f4xx_hal_cortex.c.obj
 .debug_info    0x00001873      0x823 CMakeFiles/ProjektAMK.elf.dir/Drivers/STM32F4xx_HAL_Driver/Src/stm32f4xx_hal_gpio.c.obj
 .debug_info    0x00002096      0x98b CMakeFiles/ProjektAMK.elf.dir/Drivers/STM32F4xx_HAL_Driver/Src/stm32f4xx_hal_rcc.c.obj
 .debug_info    0x00002a21     0x134c CMakeFiles/ProjektAMK.elf.dir/Drivers/STM32F4xx_HAL_Driver/Src/stm32f4xx_hal_uart.c.obj
 .debug_info    0x00003d6d      0x7b6 CMakeFiles/ProjektAMK.elf.dir/Src/main.c.obj
 .debug_info    0x00004523      0x389 CMakeFiles/ProjektAMK.elf.dir/Src/stm32f4xx_hal_msp.c.obj
 .debug_info    0x000048ac      0x205 CMakeFiles/ProjektAMK.elf.dir/Src/stm32f4xx_it.c.obj
 .debug_info    0x00004ab1      0x599 CMakeFiles/ProjektAMK.elf.dir/Src/system_stm32f4xx.c.obj
 .debug_info    0x0000504a      0xb8f CMakeFiles/ProjektAMK.elf.dir/Src/uart.c.obj
 .debug_info    0x00005bd9       0x22 CMakeFiles/ProjektAMK.elf.dir/Startup/startup_stm32f407vgtx.s.obj

.debug_abbrev   0x00000000     0x1293
 .debug_abbrev  0x00000000      0x1ea CMakeFiles/ProjektAMK.elf.dir/Drivers/STM32F4xx_HAL_Driver/Src/stm32f4xx_hal.c.obj
 .debug_abbrev  0x000001ea      0x339 CMakeFiles/ProjektAMK.elf.dir/Drivers/STM32F4xx_HAL_Driver/Src/stm32f4xx_hal_cortex.c.obj
 .debug_abbrev  0x00000523      0x1ee CMakeFiles/ProjektAMK.elf.dir/Drivers/STM32F4xx_HAL_Driver/Src/stm32f4xx_hal_gpio.c.obj
 .debug_abbrev  0x00000711      0x272 CMakeFiles/ProjektAMK.elf.dir/Drivers/STM32F4xx_HAL_Driver/Src/stm32f4xx_hal_rcc.c.obj
 .debug_abbrev  0x00000983      0x26d CMakeFiles/ProjektAMK.elf.dir/Drivers/STM32F4xx_HAL_Driver/Src/stm32f4xx_hal_uart.c.obj
 .debug_abbrev  0x00000bf0      0x1f7 CMakeFiles/ProjektAMK.elf.dir/Src/main.c.obj
 .debug_abbrev  0x00000de7      0x11a CMakeFiles/ProjektAMK.elf.dir/Src/stm32f4xx_hal_msp.c.obj
 .debug_abbrev  0x00000f01       0xb5 CMakeFiles/ProjektAMK.elf.dir/Src/stm32f4xx_it.c.obj
 .debug_abbrev  0x00000fb6      0x142 CMakeFiles/ProjektAMK.elf.dir/Src/system_stm32f4xx.c.obj
 .debug_abbrev  0x000010f8      0x189 CMakeFiles/ProjektAMK.elf.dir/Src/uart.c.obj
 .debug_abbrev  0x00001281       0x12 CMakeFiles/ProjektAMK.elf.dir/Startup/startup_stm32f407vgtx.s.obj

.debug_aranges  0x00000000      0x5f0
 .debug_aranges
                0x00000000       0xf0 CMakeFiles/ProjektAMK.elf.dir/Drivers/STM32F4xx_HAL_Driver/Src/stm32f4xx_hal.c.obj
 .debug_aranges
                0x000000f0      0x118 CMakeFiles/ProjektAMK.elf.dir/Drivers/STM32F4xx_HAL_Driver/Src/stm32f4xx_hal_cortex.c.obj
 .debug_aranges
                0x00000208       0x58 CMakeFiles/ProjektAMK.elf.dir/Drivers/STM32F4xx_HAL_Driver/Src/stm32f4xx_hal_gpio.c.obj
 .debug_aranges
                0x00000260       0x88 CMakeFiles/ProjektAMK.elf.dir/Drivers/STM32F4xx_HAL_Driver/Src/stm32f4xx_hal_rcc.c.obj
 .debug_aranges
                0x000002e8      0x1d0 CMakeFiles/ProjektAMK.elf.dir/Drivers/STM32F4xx_HAL_Driver/Src/stm32f4xx_hal_uart.c.obj
 .debug_aranges
                0x000004b8       0x50 CMakeFiles/ProjektAMK.elf.dir/Src/main.c.obj
 .debug_aranges
                0x00000508       0x20 CMakeFiles/ProjektAMK.elf.dir/Src/stm32f4xx_hal_msp.c.obj
 .debug_aranges
                0x00000528       0x58 CMakeFiles/ProjektAMK.elf.dir/Src/stm32f4xx_it.c.obj
 .debug_aranges
                0x00000580       0x28 CMakeFiles/ProjektAMK.elf.dir/Src/system_stm32f4xx.c.obj
 .debug_aranges
                0x000005a8       0x20 CMakeFiles/ProjektAMK.elf.dir/Src/uart.c.obj
 .debug_aranges
                0x000005c8       0x28 CMakeFiles/ProjektAMK.elf.dir/Startup/startup_stm32f407vgtx.s.obj

.debug_ranges   0x00000000      0x548
 .debug_ranges  0x00000000       0xe0 CMakeFiles/ProjektAMK.elf.dir/Drivers/STM32F4xx_HAL_Driver/Src/stm32f4xx_hal.c.obj
 .debug_ranges  0x000000e0      0x108 CMakeFiles/ProjektAMK.elf.dir/Drivers/STM32F4xx_HAL_Driver/Src/stm32f4xx_hal_cortex.c.obj
 .debug_ranges  0x000001e8       0x48 CMakeFiles/ProjektAMK.elf.dir/Drivers/STM32F4xx_HAL_Driver/Src/stm32f4xx_hal_gpio.c.obj
 .debug_ranges  0x00000230       0x78 CMakeFiles/ProjektAMK.elf.dir/Drivers/STM32F4xx_HAL_Driver/Src/stm32f4xx_hal_rcc.c.obj
 .debug_ranges  0x000002a8      0x1c0 CMakeFiles/ProjektAMK.elf.dir/Drivers/STM32F4xx_HAL_Driver/Src/stm32f4xx_hal_uart.c.obj
 .debug_ranges  0x00000468       0x40 CMakeFiles/ProjektAMK.elf.dir/Src/main.c.obj
 .debug_ranges  0x000004a8       0x10 CMakeFiles/ProjektAMK.elf.dir/Src/stm32f4xx_hal_msp.c.obj
 .debug_ranges  0x000004b8       0x48 CMakeFiles/ProjektAMK.elf.dir/Src/stm32f4xx_it.c.obj
 .debug_ranges  0x00000500       0x18 CMakeFiles/ProjektAMK.elf.dir/Src/system_stm32f4xx.c.obj
 .debug_ranges  0x00000518       0x10 CMakeFiles/ProjektAMK.elf.dir/Src/uart.c.obj
 .debug_ranges  0x00000528       0x20 CMakeFiles/ProjektAMK.elf.dir/Startup/startup_stm32f407vgtx.s.obj

.debug_line     0x00000000     0x3a4d
 .debug_line    0x00000000      0x4cf CMakeFiles/ProjektAMK.elf.dir/Drivers/STM32F4xx_HAL_Driver/Src/stm32f4xx_hal.c.obj
 .debug_line    0x000004cf      0x790 CMakeFiles/ProjektAMK.elf.dir/Drivers/STM32F4xx_HAL_Driver/Src/stm32f4xx_hal_cortex.c.obj
 .debug_line    0x00000c5f      0x66f CMakeFiles/ProjektAMK.elf.dir/Drivers/STM32F4xx_HAL_Driver/Src/stm32f4xx_hal_gpio.c.obj
 .debug_line    0x000012ce      0x87d CMakeFiles/ProjektAMK.elf.dir/Drivers/STM32F4xx_HAL_Driver/Src/stm32f4xx_hal_rcc.c.obj
 .debug_line    0x00001b4b     0x1316 CMakeFiles/ProjektAMK.elf.dir/Drivers/STM32F4xx_HAL_Driver/Src/stm32f4xx_hal_uart.c.obj
 .debug_line    0x00002e61      0x308 CMakeFiles/ProjektAMK.elf.dir/Src/main.c.obj
 .debug_line    0x00003169      0x1b3 CMakeFiles/ProjektAMK.elf.dir/Src/stm32f4xx_hal_msp.c.obj
 .debug_line    0x0000331c      0x234 CMakeFiles/ProjektAMK.elf.dir/Src/stm32f4xx_it.c.obj
 .debug_line    0x00003550      0x241 CMakeFiles/ProjektAMK.elf.dir/Src/system_stm32f4xx.c.obj
 .debug_line    0x00003791      0x235 CMakeFiles/ProjektAMK.elf.dir/Src/uart.c.obj
 .debug_line    0x000039c6       0x87 CMakeFiles/ProjektAMK.elf.dir/Startup/startup_stm32f407vgtx.s.obj

.debug_str      0x00000000     0x1fc8
 .debug_str     0x00000000      0xb09 CMakeFiles/ProjektAMK.elf.dir/Drivers/STM32F4xx_HAL_Driver/Src/stm32f4xx_hal.c.obj
                                0xb72 (size before relaxing)
 .debug_str     0x00000b09      0x4f3 CMakeFiles/ProjektAMK.elf.dir/Drivers/STM32F4xx_HAL_Driver/Src/stm32f4xx_hal_cortex.c.obj
                                0xcf6 (size before relaxing)
 .debug_str     0x00000ffc      0x1e4 CMakeFiles/ProjektAMK.elf.dir/Drivers/STM32F4xx_HAL_Driver/Src/stm32f4xx_hal_gpio.c.obj
                                0x5bc (size before relaxing)
 .debug_str     0x000011e0      0x2fa CMakeFiles/ProjektAMK.elf.dir/Drivers/STM32F4xx_HAL_Driver/Src/stm32f4xx_hal_rcc.c.obj
                                0x773 (size before relaxing)
 .debug_str     0x000014da      0x915 CMakeFiles/ProjektAMK.elf.dir/Drivers/STM32F4xx_HAL_Driver/Src/stm32f4xx_hal_uart.c.obj
                                0xc86 (size before relaxing)
 .debug_str     0x00001def       0x72 CMakeFiles/ProjektAMK.elf.dir/Src/main.c.obj
                                0x5c9 (size before relaxing)
 .debug_str     0x00001e61       0x21 CMakeFiles/ProjektAMK.elf.dir/Src/stm32f4xx_hal_msp.c.obj
                                0x3a4 (size before relaxing)
 .debug_str     0x00001e82       0x9c CMakeFiles/ProjektAMK.elf.dir/Src/stm32f4xx_it.c.obj
                                0x310 (size before relaxing)
 .debug_str     0x00001f1e       0x4b CMakeFiles/ProjektAMK.elf.dir/Src/system_stm32f4xx.c.obj
                                0x420 (size before relaxing)
 .debug_str     0x00001f69       0x28 CMakeFiles/ProjektAMK.elf.dir/Src/uart.c.obj
                                0xcfa (size before relaxing)
 .debug_str     0x00001f91       0x37 CMakeFiles/ProjektAMK.elf.dir/Startup/startup_stm32f407vgtx.s.obj
                                 0x52 (size before relaxing)

.comment        0x00000000       0x79
 .comment       0x00000000       0x79 CMakeFiles/ProjektAMK.elf.dir/Drivers/STM32F4xx_HAL_Driver/Src/stm32f4xx_hal.c.obj
                                 0x7a (size before relaxing)
 .comment       0x00000079       0x7a CMakeFiles/ProjektAMK.elf.dir/Drivers/STM32F4xx_HAL_Driver/Src/stm32f4xx_hal_cortex.c.obj
 .comment       0x00000079       0x7a CMakeFiles/ProjektAMK.elf.dir/Drivers/STM32F4xx_HAL_Driver/Src/stm32f4xx_hal_gpio.c.obj
 .comment       0x00000079       0x7a CMakeFiles/ProjektAMK.elf.dir/Drivers/STM32F4xx_HAL_Driver/Src/stm32f4xx_hal_rcc.c.obj
 .comment       0x00000079       0x7a CMakeFiles/ProjektAMK.elf.dir/Drivers/STM32F4xx_HAL_Driver/Src/stm32f4xx_hal_uart.c.obj
 .comment       0x00000079       0x7a CMakeFiles/ProjektAMK.elf.dir/Src/main.c.obj
 .comment       0x00000079       0x7a CMakeFiles/ProjektAMK.elf.dir/Src/stm32f4xx_hal_msp.c.obj
 .comment       0x00000079       0x7a CMakeFiles/ProjektAMK.elf.dir/Src/stm32f4xx_it.c.obj
 .comment       0x00000079       0x7a CMakeFiles/ProjektAMK.elf.dir/Src/system_stm32f4xx.c.obj
 .comment       0x00000079       0x7a CMakeFiles/ProjektAMK.elf.dir/Src/uart.c.obj

.debug_frame    0x00000000     0x189c
 .debug_frame   0x00000000      0x374 CMakeFiles/ProjektAMK.elf.dir/Drivers/STM32F4xx_HAL_Driver/Src/stm32f4xx_hal.c.obj
 .debug_frame   0x00000374      0x498 CMakeFiles/ProjektAMK.elf.dir/Drivers/STM32F4xx_HAL_Driver/Src/stm32f4xx_hal_cortex.c.obj
 .debug_frame   0x0000080c      0x14c CMakeFiles/ProjektAMK.elf.dir/Drivers/STM32F4xx_HAL_Driver/Src/stm32f4xx_hal_gpio.c.obj
 .debug_frame   0x00000958      0x1f0 CMakeFiles/ProjektAMK.elf.dir/Drivers/STM32F4xx_HAL_Driver/Src/stm32f4xx_hal_rcc.c.obj
 .debug_frame   0x00000b48      0x844 CMakeFiles/ProjektAMK.elf.dir/Drivers/STM32F4xx_HAL_Driver/Src/stm32f4xx_hal_uart.c.obj
 .debug_frame   0x0000138c      0x104 CMakeFiles/ProjektAMK.elf.dir/Src/main.c.obj
 .debug_frame   0x00001490       0x38 CMakeFiles/ProjektAMK.elf.dir/Src/stm32f4xx_hal_msp.c.obj
 .debug_frame   0x000014c8       0xf0 CMakeFiles/ProjektAMK.elf.dir/Src/stm32f4xx_it.c.obj
 .debug_frame   0x000015b8       0x58 CMakeFiles/ProjektAMK.elf.dir/Src/system_stm32f4xx.c.obj
 .debug_frame   0x00001610       0x34 CMakeFiles/ProjektAMK.elf.dir/Src/uart.c.obj
 .debug_frame   0x00001644       0x2c c:/progra~2/gnutoo~1/92019-~1/bin/../lib/gcc/arm-none-eabi/9.2.1/thumb/v7e-m/nofp\libgcc.a(_aeabi_uldivmod.o)
 .debug_frame   0x00001670       0x34 c:/progra~2/gnutoo~1/92019-~1/bin/../lib/gcc/arm-none-eabi/9.2.1/thumb/v7e-m/nofp\libgcc.a(_udivmoddi4.o)
 .debug_frame   0x000016a4       0x2c c:/progra~2/gnutoo~1/92019-~1/bin/../lib/gcc/arm-none-eabi/9.2.1/../../../../arm-none-eabi/lib/thumb/v7e-m/nofp\libg.a(lib_a-init.o)
 .debug_frame   0x000016d0       0x38 c:/progra~2/gnutoo~1/92019-~1/bin/../lib/gcc/arm-none-eabi/9.2.1/../../../../arm-none-eabi/lib/thumb/v7e-m/nofp\libg.a(lib_a-memset.o)
 .debug_frame   0x00001708       0x5c c:/progra~2/gnutoo~1/92019-~1/bin/../lib/gcc/arm-none-eabi/9.2.1/../../../../arm-none-eabi/lib/thumb/v7e-m/nofp\libg.a(lib_a-__call_atexit.o)
 .debug_frame   0x00001764       0x20 c:/progra~2/gnutoo~1/92019-~1/bin/../lib/gcc/arm-none-eabi/9.2.1/../../../../arm-none-eabi/lib/thumb/v7e-m/nofp\libg.a(lib_a-atexit.o)
 .debug_frame   0x00001784       0x34 c:/progra~2/gnutoo~1/92019-~1/bin/../lib/gcc/arm-none-eabi/9.2.1/../../../../arm-none-eabi/lib/thumb/v7e-m/nofp\libg.a(lib_a-fini.o)
 .debug_frame   0x000017b8       0xb0 c:/progra~2/gnutoo~1/92019-~1/bin/../lib/gcc/arm-none-eabi/9.2.1/../../../../arm-none-eabi/lib/thumb/v7e-m/nofp\libg.a(lib_a-lock.o)
 .debug_frame   0x00001868       0x34 c:/progra~2/gnutoo~1/92019-~1/bin/../lib/gcc/arm-none-eabi/9.2.1/../../../../arm-none-eabi/lib/thumb/v7e-m/nofp\libg.a(lib_a-__atexit.o)
